Archive member included to satisfy reference by file (symbol)

c:/st/stm32cubeide_1.1.0/stm32cubeide/plugins/com.st.stm32cube.ide.mcu.externaltools.gnu-tools-for-stm32.7-2018-q2-update.win32_1.0.0.201904181610/tools/bin/../lib/gcc/arm-none-eabi/7.3.1/../../../../arm-none-eabi/lib/thumb/v7e-m/fpv4-sp/hard\libc_nano.a(lib_a-errno.o)
                              Core/Src/syscalls.o (__errno)
c:/st/stm32cubeide_1.1.0/stm32cubeide/plugins/com.st.stm32cube.ide.mcu.externaltools.gnu-tools-for-stm32.7-2018-q2-update.win32_1.0.0.201904181610/tools/bin/../lib/gcc/arm-none-eabi/7.3.1/../../../../arm-none-eabi/lib/thumb/v7e-m/fpv4-sp/hard\libc_nano.a(lib_a-exit.o)
                              c:/st/stm32cubeide_1.1.0/stm32cubeide/plugins/com.st.stm32cube.ide.mcu.externaltools.gnu-tools-for-stm32.7-2018-q2-update.win32_1.0.0.201904181610/tools/bin/../lib/gcc/arm-none-eabi/7.3.1/../../../../arm-none-eabi/lib/thumb/v7e-m/fpv4-sp/hard/crt0.o (exit)
c:/st/stm32cubeide_1.1.0/stm32cubeide/plugins/com.st.stm32cube.ide.mcu.externaltools.gnu-tools-for-stm32.7-2018-q2-update.win32_1.0.0.201904181610/tools/bin/../lib/gcc/arm-none-eabi/7.3.1/../../../../arm-none-eabi/lib/thumb/v7e-m/fpv4-sp/hard\libc_nano.a(lib_a-impure.o)
                              c:/st/stm32cubeide_1.1.0/stm32cubeide/plugins/com.st.stm32cube.ide.mcu.externaltools.gnu-tools-for-stm32.7-2018-q2-update.win32_1.0.0.201904181610/tools/bin/../lib/gcc/arm-none-eabi/7.3.1/../../../../arm-none-eabi/lib/thumb/v7e-m/fpv4-sp/hard\libc_nano.a(lib_a-exit.o) (_global_impure_ptr)
c:/st/stm32cubeide_1.1.0/stm32cubeide/plugins/com.st.stm32cube.ide.mcu.externaltools.gnu-tools-for-stm32.7-2018-q2-update.win32_1.0.0.201904181610/tools/bin/../lib/gcc/arm-none-eabi/7.3.1/../../../../arm-none-eabi/lib/thumb/v7e-m/fpv4-sp/hard\libc_nano.a(lib_a-init.o)
                              c:/st/stm32cubeide_1.1.0/stm32cubeide/plugins/com.st.stm32cube.ide.mcu.externaltools.gnu-tools-for-stm32.7-2018-q2-update.win32_1.0.0.201904181610/tools/bin/../lib/gcc/arm-none-eabi/7.3.1/../../../../arm-none-eabi/lib/thumb/v7e-m/fpv4-sp/hard/crt0.o (__libc_init_array)
c:/st/stm32cubeide_1.1.0/stm32cubeide/plugins/com.st.stm32cube.ide.mcu.externaltools.gnu-tools-for-stm32.7-2018-q2-update.win32_1.0.0.201904181610/tools/bin/../lib/gcc/arm-none-eabi/7.3.1/../../../../arm-none-eabi/lib/thumb/v7e-m/fpv4-sp/hard\libc_nano.a(lib_a-memset.o)
                              c:/st/stm32cubeide_1.1.0/stm32cubeide/plugins/com.st.stm32cube.ide.mcu.externaltools.gnu-tools-for-stm32.7-2018-q2-update.win32_1.0.0.201904181610/tools/bin/../lib/gcc/arm-none-eabi/7.3.1/../../../../arm-none-eabi/lib/thumb/v7e-m/fpv4-sp/hard/crt0.o (memset)
c:/st/stm32cubeide_1.1.0/stm32cubeide/plugins/com.st.stm32cube.ide.mcu.externaltools.gnu-tools-for-stm32.7-2018-q2-update.win32_1.0.0.201904181610/tools/bin/../lib/gcc/arm-none-eabi/7.3.1/../../../../arm-none-eabi/lib/thumb/v7e-m/fpv4-sp/hard\libc_nano.a(lib_a-vsprintf.o)
                              Drivers/display/lcd.o (vsprintf)
c:/st/stm32cubeide_1.1.0/stm32cubeide/plugins/com.st.stm32cube.ide.mcu.externaltools.gnu-tools-for-stm32.7-2018-q2-update.win32_1.0.0.201904181610/tools/bin/../lib/gcc/arm-none-eabi/7.3.1/../../../../arm-none-eabi/lib/thumb/v7e-m/fpv4-sp/hard\libc_nano.a(lib_a-nano-svfprintf.o)
                              c:/st/stm32cubeide_1.1.0/stm32cubeide/plugins/com.st.stm32cube.ide.mcu.externaltools.gnu-tools-for-stm32.7-2018-q2-update.win32_1.0.0.201904181610/tools/bin/../lib/gcc/arm-none-eabi/7.3.1/../../../../arm-none-eabi/lib/thumb/v7e-m/fpv4-sp/hard\libc_nano.a(lib_a-vsprintf.o) (_svfprintf_r)
c:/st/stm32cubeide_1.1.0/stm32cubeide/plugins/com.st.stm32cube.ide.mcu.externaltools.gnu-tools-for-stm32.7-2018-q2-update.win32_1.0.0.201904181610/tools/bin/../lib/gcc/arm-none-eabi/7.3.1/../../../../arm-none-eabi/lib/thumb/v7e-m/fpv4-sp/hard\libc_nano.a(lib_a-nano-vfprintf_i.o)
                              c:/st/stm32cubeide_1.1.0/stm32cubeide/plugins/com.st.stm32cube.ide.mcu.externaltools.gnu-tools-for-stm32.7-2018-q2-update.win32_1.0.0.201904181610/tools/bin/../lib/gcc/arm-none-eabi/7.3.1/../../../../arm-none-eabi/lib/thumb/v7e-m/fpv4-sp/hard\libc_nano.a(lib_a-nano-svfprintf.o) (_printf_i)
c:/st/stm32cubeide_1.1.0/stm32cubeide/plugins/com.st.stm32cube.ide.mcu.externaltools.gnu-tools-for-stm32.7-2018-q2-update.win32_1.0.0.201904181610/tools/bin/../lib/gcc/arm-none-eabi/7.3.1/../../../../arm-none-eabi/lib/thumb/v7e-m/fpv4-sp/hard\libc_nano.a(lib_a-memchr.o)
                              c:/st/stm32cubeide_1.1.0/stm32cubeide/plugins/com.st.stm32cube.ide.mcu.externaltools.gnu-tools-for-stm32.7-2018-q2-update.win32_1.0.0.201904181610/tools/bin/../lib/gcc/arm-none-eabi/7.3.1/../../../../arm-none-eabi/lib/thumb/v7e-m/fpv4-sp/hard\libc_nano.a(lib_a-nano-svfprintf.o) (memchr)
[...]
Memory Configuration

Name             Origin             Length             Attributes
RAM              0x0000000020000000 0x0000000000020000 xrw
FLASH            0x0000000008000000 0x0000000000080000 xr
*default*        0x0000000000000000 0xffffffffffffffff

Linker script and memory map

LOAD c:/st/stm32cubeide_1.1.0/stm32cubeide/plugins/com.st.stm32cube.ide.mcu.externaltools.gnu-tools-for-stm32.7-2018-q2-update.win32_1.0.0.201904181610/tools/bin/../lib/gcc/arm-none-eabi/7.3.1/thumb/v7e-m/fpv4-sp/hard/crti.o
LOAD c:/st/stm32cubeide_1.1.0/stm32cubeide/plugins/com.st.stm32cube.ide.mcu.externaltools.gnu-tools-for-stm32.7-2018-q2-update.win32_1.0.0.201904181610/tools/bin/../lib/gcc/arm-none-eabi/7.3.1/thumb/v7e-m/fpv4-sp/hard/crtbegin.o
LOAD c:/st/stm32cubeide_1.1.0/stm32cubeide/plugins/com.st.stm32cube.ide.mcu.externaltools.gnu-tools-for-stm32.7-2018-q2-update.win32_1.0.0.201904181610/tools/bin/../lib/gcc/arm-none-eabi/7.3.1/../../../../arm-none-eabi/lib/thumb/v7e-m/fpv4-sp/hard/crt0.o
LOAD Core/Src/gpio.o
LOAD Core/Src/main.o
LOAD Core/Src/spi.o
LOAD Core/Src/stm32f4xx_hal_msp.o
LOAD Core/Src/stm32f4xx_it.o
LOAD Core/Src/sys.o
LOAD Core/Src/syscalls.o
LOAD Core/Src/sysmem.o
LOAD Core/Src/system_stm32f4xx.o
LOAD Core/Startup/startup_stm32f446retx.o
LOAD Drivers/STM32F4xx_HAL_Driver/Src/stm32f4xx_hal.o
LOAD Drivers/STM32F4xx_HAL_Driver/Src/stm32f4xx_hal_cortex.o
LOAD Drivers/STM32F4xx_HAL_Driver/Src/stm32f4xx_hal_dma.o
LOAD Drivers/STM32F4xx_HAL_Driver/Src/stm32f4xx_hal_dma_ex.o
LOAD Drivers/STM32F4xx_HAL_Driver/Src/stm32f4xx_hal_exti.o
LOAD Drivers/STM32F4xx_HAL_Driver/Src/stm32f4xx_hal_flash.o
LOAD Drivers/STM32F4xx_HAL_Driver/Src/stm32f4xx_hal_flash_ex.o
LOAD Drivers/STM32F4xx_HAL_Driver/Src/stm32f4xx_hal_flash_ramfunc.o
LOAD Drivers/STM32F4xx_HAL_Driver/Src/stm32f4xx_hal_gpio.o
LOAD Drivers/STM32F4xx_HAL_Driver/Src/stm32f4xx_hal_pwr.o
LOAD Drivers/STM32F4xx_HAL_Driver/Src/stm32f4xx_hal_pwr_ex.o
LOAD Drivers/STM32F4xx_HAL_Driver/Src/stm32f4xx_hal_rcc.o
LOAD Drivers/STM32F4xx_HAL_Driver/Src/stm32f4xx_hal_rcc_ex.o
LOAD Drivers/STM32F4xx_HAL_Driver/Src/stm32f4xx_hal_spi.o
LOAD Drivers/STM32F4xx_HAL_Driver/Src/stm32f4xx_hal_tim.o
LOAD Drivers/STM32F4xx_HAL_Driver/Src/stm32f4xx_hal_tim_ex.o
LOAD Drivers/display/Fonts/font12.o
LOAD Drivers/display/Fonts/font16.o
LOAD Drivers/display/Fonts/font20.o
LOAD Drivers/display/Fonts/font24.o
LOAD Drivers/display/Fonts/font8.o
LOAD Drivers/display/lcd.o
START GROUP
LOAD c:/st/stm32cubeide_1.1.0/stm32cubeide/plugins/com.st.stm32cube.ide.mcu.externaltools.gnu-tools-for-stm32.7-2018-q2-update.win32_1.0.0.201904181610/tools/bin/../lib/gcc/arm-none-eabi/7.3.1/../../../../arm-none-eabi/lib/thumb/v7e-m/fpv4-sp/hard\libc_nano.a
LOAD c:/st/stm32cubeide_1.1.0/stm32cubeide/plugins/com.st.stm32cube.ide.mcu.externaltools.gnu-tools-for-stm32.7-2018-q2-update.win32_1.0.0.201904181610/tools/bin/../lib/gcc/arm-none-eabi/7.3.1/../../../../arm-none-eabi/lib/thumb/v7e-m/fpv4-sp/hard\libm.a
END GROUP
START GROUP
LOAD c:/st/stm32cubeide_1.1.0/stm32cubeide/plugins/com.st.stm32cube.ide.mcu.externaltools.gnu-tools-for-stm32.7-2018-q2-update.win32_1.0.0.201904181610/tools/bin/../lib/gcc/arm-none-eabi/7.3.1/thumb/v7e-m/fpv4-sp/hard\libgcc.a
LOAD c:/st/stm32cubeide_1.1.0/stm32cubeide/plugins/com.st.stm32cube.ide.mcu.externaltools.gnu-tools-for-stm32.7-2018-q2-update.win32_1.0.0.201904181610/tools/bin/../lib/gcc/arm-none-eabi/7.3.1/../../../../arm-none-eabi/lib/thumb/v7e-m/fpv4-sp/hard\libc_nano.a
END GROUP
START GROUP
LOAD c:/st/stm32cubeide_1.1.0/stm32cubeide/plugins/com.st.stm32cube.ide.mcu.externaltools.gnu-tools-for-stm32.7-2018-q2-update.win32_1.0.0.201904181610/tools/bin/../lib/gcc/arm-none-eabi/7.3.1/thumb/v7e-m/fpv4-sp/hard\libgcc.a
LOAD c:/st/stm32cubeide_1.1.0/stm32cubeide/plugins/com.st.stm32cube.ide.mcu.externaltools.gnu-tools-for-stm32.7-2018-q2-update.win32_1.0.0.201904181610/tools/bin/../lib/gcc/arm-none-eabi/7.3.1/../../../../arm-none-eabi/lib/thumb/v7e-m/fpv4-sp/hard\libc_nano.a
LOAD c:/st/stm32cubeide_1.1.0/stm32cubeide/plugins/com.st.stm32cube.ide.mcu.externaltools.gnu-tools-for-stm32.7-2018-q2-update.win32_1.0.0.201904181610/tools/bin/../lib/gcc/arm-none-eabi/7.3.1/../../../../arm-none-eabi/lib/thumb/v7e-m/fpv4-sp/hard\libnosys.a
END GROUP
START GROUP
LOAD c:/st/stm32cubeide_1.1.0/stm32cubeide/plugins/com.st.stm32cube.ide.mcu.externaltools.gnu-tools-for-stm32.7-2018-q2-update.win32_1.0.0.201904181610/tools/bin/../lib/gcc/arm-none-eabi/7.3.1/thumb/v7e-m/fpv4-sp/hard\libgcc.a
LOAD c:/st/stm32cubeide_1.1.0/stm32cubeide/plugins/com.st.stm32cube.ide.mcu.externaltools.gnu-tools-for-stm32.7-2018-q2-update.win32_1.0.0.201904181610/tools/bin/../lib/gcc/arm-none-eabi/7.3.1/../../../../arm-none-eabi/lib/thumb/v7e-m/fpv4-sp/hard\libc_nano.a
LOAD c:/st/stm32cubeide_1.1.0/stm32cubeide/plugins/com.st.stm32cube.ide.mcu.externaltools.gnu-tools-for-stm32.7-2018-q2-update.win32_1.0.0.201904181610/tools/bin/../lib/gcc/arm-none-eabi/7.3.1/../../../../arm-none-eabi/lib/thumb/v7e-m/fpv4-sp/hard\libnosys.a
END GROUP
LOAD c:/st/stm32cubeide_1.1.0/stm32cubeide/plugins/com.st.stm32cube.ide.mcu.externaltools.gnu-tools-for-stm32.7-2018-q2-update.win32_1.0.0.201904181610/tools/bin/../lib/gcc/arm-none-eabi/7.3.1/thumb/v7e-m/fpv4-sp/hard/crtend.o
LOAD c:/st/stm32cubeide_1.1.0/stm32cubeide/plugins/com.st.stm32cube.ide.mcu.externaltools.gnu-tools-for-stm32.7-2018-q2-update.win32_1.0.0.201904181610/tools/bin/../lib/gcc/arm-none-eabi/7.3.1/thumb/v7e-m/fpv4-sp/hard/crtn.o
                0x0000000020020000                _estack = (ORIGIN (RAM) + LENGTH (RAM))
                0x0000000000000200                _Min_Heap_Size = 0x200
                0x0000000000000400                _Min_Stack_Size = 0x400

.isr_vector     0x0000000008000000      0x1c4
                0x0000000008000000                . = ALIGN (0x4)
 *(.isr_vector)
 .isr_vector    0x0000000008000000      0x1c4 Core/Startup/startup_stm32f446retx.o
                0x0000000008000000                g_pfnVectors
                0x00000000080001c4                . = ALIGN (0x4)

.text           0x00000000080001d0     0x3390
                0x00000000080001d0                . = ALIGN (0x4)
 *(.text)
 .text          0x00000000080001d0       0x40 c:/st/stm32cubeide_1.1.0/stm32cubeide/plugins/com.st.stm32cube.ide.mcu.externaltools.gnu-tools-for-stm32.7-2018-q2-update.win32_1.0.0.201904181610/tools/bin/../lib/gcc/arm-none-eabi/7.3.1/thumb/v7e-m/fpv4-sp/hard/crtbegin.o
 .text          0x0000000008000210       0xa0 c:/st/stm32cubeide_1.1.0/stm32cubeide/plugins/com.st.stm32cube.ide.mcu.externaltools.gnu-tools-for-stm32.7-2018-q2-update.win32_1.0.0.201904181610/tools/bin/../lib/gcc/arm-none-eabi/7.3.1/../../../../arm-none-eabi/lib/thumb/v7e-m/fpv4-sp/hard\libc_nano.a(lib_a-memchr.o)
                0x0000000008000210                memchr
 .text          0x00000000080002b0       0x30 c:/st/stm32cubeide_1.1.0/stm32cubeide/plugins/com.st.stm32cube.ide.mcu.externaltools.gnu-tools-for-stm32.7-2018-q2-update.win32_1.0.0.201904181610/tools/bin/../lib/gcc/arm-none-eabi/7.3.1/thumb/v7e-m/fpv4-sp/hard\libgcc.a(_aeabi_uldivmod.o)
                0x00000000080002b0                __aeabi_uldivmod
 .text          0x00000000080002e0      0x2cc c:/st/stm32cubeide_1.1.0/stm32cubeide/plugins/com.st.stm32cube.ide.mcu.externaltools.gnu-tools-for-stm32.7-2018-q2-update.win32_1.0.0.201904181610/tools/bin/../lib/gcc/arm-none-eabi/7.3.1/thumb/v7e-m/fpv4-sp/hard\libgcc.a(_udivmoddi4.o)
                0x00000000080002e0                __udivmoddi4
 .text          0x00000000080005ac        0x4 c:/st/stm32cubeide_1.1.0/stm32cubeide/plugins/com.st.stm32cube.ide.mcu.externaltools.gnu-tools-for-stm32.7-2018-q2-update.win32_1.0.0.201904181610/tools/bin/../lib/gcc/arm-none-eabi/7.3.1/thumb/v7e-m/fpv4-sp/hard\libgcc.a(_dvmd_tls.o)
                0x00000000080005ac                __aeabi_idiv0
                0x00000000080005ac                __aeabi_ldiv0
 *(.text*)
 .text.MX_GPIO_Init
                0x00000000080005b0      0x100 Core/Src/gpio.o
                0x00000000080005b0                MX_GPIO_Init
 .text.main     0x00000000080006b0       0x8c Core/Src/main.o
                0x00000000080006b0                main
 .text.SystemClock_Config
                0x000000000800073c       0xe4 Core/Src/main.o
                0x000000000800073c                SystemClock_Config
 .text.Error_Handler
                0x0000000008000820        0xe Core/Src/main.o
                0x0000000008000820                Error_Handler
 *fill*         0x000000000800082e        0x2 
 .text.MX_SPI3_Init
                0x0000000008000830       0x6c Core/Src/spi.o
                0x0000000008000830                MX_SPI3_Init
 .text.HAL_SPI_MspInit
                0x000000000800089c       0x90 Core/Src/spi.o
                0x000000000800089c                HAL_SPI_MspInit
 .text.HAL_MspInit
                0x000000000800092c       0x50 Core/Src/stm32f4xx_hal_msp.o
                0x000000000800092c                HAL_MspInit
 .text.NMI_Handler
                0x000000000800097c        0xe Core/Src/stm32f4xx_it.o
                0x000000000800097c                NMI_Handler
 .text.HardFault_Handler
                0x000000000800098a        0x6 Core/Src/stm32f4xx_it.o
                0x000000000800098a                HardFault_Handler
 .text.MemManage_Handler
                0x0000000008000990        0x6 Core/Src/stm32f4xx_it.o
                0x0000000008000990                MemManage_Handler
 .text.BusFault_Handler
                0x0000000008000996        0x6 Core/Src/stm32f4xx_it.o
                0x0000000008000996                BusFault_Handler
 .text.UsageFault_Handler
                0x000000000800099c        0x6 Core/Src/stm32f4xx_it.o
                0x000000000800099c                UsageFault_Handler
 .text.SVC_Handler
                0x00000000080009a2        0xe Core/Src/stm32f4xx_it.o
                0x00000000080009a2                SVC_Handler
 .text.DebugMon_Handler
                0x00000000080009b0        0xe Core/Src/stm32f4xx_it.o
                0x00000000080009b0                DebugMon_Handler
 .text.PendSV_Handler
                0x00000000080009be        0xe Core/Src/stm32f4xx_it.o
                0x00000000080009be                PendSV_Handler
 .text.SysTick_Handler
                0x00000000080009cc        0xc Core/Src/stm32f4xx_it.o
                0x00000000080009cc                SysTick_Handler
 .text._sbrk    0x00000000080009d8       0x58 Core/Src/sysmem.o
                0x00000000080009d8                _sbrk
 .text.SystemInit
                0x0000000008000a30       0x6c Core/Src/system_stm32f4xx.o
                0x0000000008000a30                SystemInit
 .text.Reset_Handler
                0x0000000008000a9c       0x50 Core/Startup/startup_stm32f446retx.o
                0x0000000008000a9c                Reset_Handler
 .text.Default_Handler
                0x0000000008000aec        0x2 Core/Startup/startup_stm32f446retx.o
                0x0000000008000aec                RTC_Alarm_IRQHandler
                0x0000000008000aec                EXTI2_IRQHandler
                0x0000000008000aec                TIM8_CC_IRQHandler
                0x0000000008000aec                FMPI2C1_EV_IRQHandler
                0x0000000008000aec                SPI4_IRQHandler
                0x0000000008000aec                TIM1_CC_IRQHandler
                0x0000000008000aec                DMA2_Stream5_IRQHandler
                0x0000000008000aec                DMA1_Stream5_IRQHandler
                0x0000000008000aec                PVD_IRQHandler
                0x0000000008000aec                SDIO_IRQHandler
                0x0000000008000aec                TAMP_STAMP_IRQHandler
                0x0000000008000aec                CAN2_RX1_IRQHandler
                0x0000000008000aec                EXTI3_IRQHandler
                0x0000000008000aec                TIM8_TRG_COM_TIM14_IRQHandler
                0x0000000008000aec                TIM1_UP_TIM10_IRQHandler
                0x0000000008000aec                TIM8_UP_TIM13_IRQHandler
                0x0000000008000aec                I2C3_ER_IRQHandler
                0x0000000008000aec                EXTI0_IRQHandler
                0x0000000008000aec                I2C2_EV_IRQHandler
                0x0000000008000aec                DMA1_Stream2_IRQHandler
                0x0000000008000aec                CAN1_RX0_IRQHandler
                0x0000000008000aec                FPU_IRQHandler
                0x0000000008000aec                OTG_HS_WKUP_IRQHandler
                0x0000000008000aec                CAN2_SCE_IRQHandler
                0x0000000008000aec                DMA2_Stream2_IRQHandler
                0x0000000008000aec                SPI1_IRQHandler
                0x0000000008000aec                TIM6_DAC_IRQHandler
                0x0000000008000aec                TIM1_BRK_TIM9_IRQHandler
                0x0000000008000aec                DCMI_IRQHandler
                0x0000000008000aec                CAN2_RX0_IRQHandler
                0x0000000008000aec                DMA2_Stream3_IRQHandler
                0x0000000008000aec                SAI2_IRQHandler
                0x0000000008000aec                USART6_IRQHandler
                0x0000000008000aec                USART3_IRQHandler
                0x0000000008000aec                CAN1_RX1_IRQHandler
                0x0000000008000aec                UART5_IRQHandler
                0x0000000008000aec                DMA2_Stream0_IRQHandler
                0x0000000008000aec                TIM4_IRQHandler
                0x0000000008000aec                QUADSPI_IRQHandler
                0x0000000008000aec                I2C1_EV_IRQHandler
                0x0000000008000aec                DMA1_Stream6_IRQHandler
                0x0000000008000aec                DMA1_Stream1_IRQHandler
                0x0000000008000aec                UART4_IRQHandler
                0x0000000008000aec                TIM3_IRQHandler
                0x0000000008000aec                RCC_IRQHandler
                0x0000000008000aec                TIM8_BRK_TIM12_IRQHandler
                0x0000000008000aec                Default_Handler
                0x0000000008000aec                CEC_IRQHandler
                0x0000000008000aec                EXTI15_10_IRQHandler
                0x0000000008000aec                ADC_IRQHandler
                0x0000000008000aec                DMA1_Stream7_IRQHandler
                0x0000000008000aec                TIM7_IRQHandler
                0x0000000008000aec                CAN2_TX_IRQHandler
                0x0000000008000aec                TIM5_IRQHandler
                0x0000000008000aec                DMA2_Stream7_IRQHandler
                0x0000000008000aec                I2C3_EV_IRQHandler
                0x0000000008000aec                EXTI9_5_IRQHandler
                0x0000000008000aec                RTC_WKUP_IRQHandler
                0x0000000008000aec                SPDIF_RX_IRQHandler
                0x0000000008000aec                SPI2_IRQHandler
                0x0000000008000aec                OTG_HS_EP1_IN_IRQHandler
                0x0000000008000aec                DMA1_Stream0_IRQHandler
                0x0000000008000aec                CAN1_TX_IRQHandler
                0x0000000008000aec                FMPI2C1_ER_IRQHandler
                0x0000000008000aec                EXTI4_IRQHandler
                0x0000000008000aec                OTG_HS_EP1_OUT_IRQHandler
                0x0000000008000aec                WWDG_IRQHandler
                0x0000000008000aec                TIM2_IRQHandler
                0x0000000008000aec                OTG_FS_WKUP_IRQHandler
                0x0000000008000aec                TIM1_TRG_COM_TIM11_IRQHandler
                0x0000000008000aec                OTG_HS_IRQHandler
                0x0000000008000aec                EXTI1_IRQHandler
                0x0000000008000aec                USART2_IRQHandler
                0x0000000008000aec                I2C2_ER_IRQHandler
                0x0000000008000aec                DMA2_Stream1_IRQHandler
                0x0000000008000aec                CAN1_SCE_IRQHandler
                0x0000000008000aec                FLASH_IRQHandler
                0x0000000008000aec                DMA2_Stream4_IRQHandler
                0x0000000008000aec                USART1_IRQHandler
                0x0000000008000aec                OTG_FS_IRQHandler
                0x0000000008000aec                SPI3_IRQHandler
                0x0000000008000aec                DMA1_Stream4_IRQHandler
                0x0000000008000aec                I2C1_ER_IRQHandler
                0x0000000008000aec                FMC_IRQHandler
                0x0000000008000aec                DMA2_Stream6_IRQHandler
                0x0000000008000aec                SAI1_IRQHandler
                0x0000000008000aec                DMA1_Stream3_IRQHandler
 *fill*         0x0000000008000aee        0x2 
 .text.HAL_Init
                0x0000000008000af0       0x44 Drivers/STM32F4xx_HAL_Driver/Src/stm32f4xx_hal.o
                0x0000000008000af0                HAL_Init
 .text.HAL_InitTick
                0x0000000008000b34       0x60 Drivers/STM32F4xx_HAL_Driver/Src/stm32f4xx_hal.o
                0x0000000008000b34                HAL_InitTick
 .text.HAL_IncTick
                0x0000000008000b94       0x28 Drivers/STM32F4xx_HAL_Driver/Src/stm32f4xx_hal.o
                0x0000000008000b94                HAL_IncTick
 .text.HAL_GetTick
                0x0000000008000bbc       0x18 Drivers/STM32F4xx_HAL_Driver/Src/stm32f4xx_hal.o
                0x0000000008000bbc                HAL_GetTick
 .text.HAL_Delay
                0x0000000008000bd4       0x44 Drivers/STM32F4xx_HAL_Driver/Src/stm32f4xx_hal.o
                0x0000000008000bd4                HAL_Delay
 .text.__NVIC_SetPriorityGrouping
                0x0000000008000c18       0x48 Drivers/STM32F4xx_HAL_Driver/Src/stm32f4xx_hal_cortex.o
 .text.__NVIC_GetPriorityGrouping
                0x0000000008000c60       0x1c Drivers/STM32F4xx_HAL_Driver/Src/stm32f4xx_hal_cortex.o
 .text.__NVIC_SetPriority
                0x0000000008000c7c       0x54 Drivers/STM32F4xx_HAL_Driver/Src/stm32f4xx_hal_cortex.o
 .text.NVIC_EncodePriority
                0x0000000008000cd0       0x66 Drivers/STM32F4xx_HAL_Driver/Src/stm32f4xx_hal_cortex.o
 *fill*         0x0000000008000d36        0x2 
 .text.SysTick_Config
                0x0000000008000d38       0x44 Drivers/STM32F4xx_HAL_Driver/Src/stm32f4xx_hal_cortex.o
 .text.HAL_NVIC_SetPriorityGrouping
                0x0000000008000d7c       0x16 Drivers/STM32F4xx_HAL_Driver/Src/stm32f4xx_hal_cortex.o
                0x0000000008000d7c                HAL_NVIC_SetPriorityGrouping
 .text.HAL_NVIC_SetPriority
                0x0000000008000d92       0x38 Drivers/STM32F4xx_HAL_Driver/Src/stm32f4xx_hal_cortex.o
                0x0000000008000d92                HAL_NVIC_SetPriority
 .text.HAL_SYSTICK_Config
                0x0000000008000dca       0x18 Drivers/STM32F4xx_HAL_Driver/Src/stm32f4xx_hal_cortex.o
                0x0000000008000dca                HAL_SYSTICK_Config
 *fill*         0x0000000008000de2        0x2 
 .text.HAL_GPIO_Init
                0x0000000008000de4      0x324 Drivers/STM32F4xx_HAL_Driver/Src/stm32f4xx_hal_gpio.o
                0x0000000008000de4                HAL_GPIO_Init
 .text.HAL_GPIO_ReadPin
                0x0000000008001108       0x30 Drivers/STM32F4xx_HAL_Driver/Src/stm32f4xx_hal_gpio.o
                0x0000000008001108                HAL_GPIO_ReadPin
 .text.HAL_GPIO_WritePin
                0x0000000008001138       0x32 Drivers/STM32F4xx_HAL_Driver/Src/stm32f4xx_hal_gpio.o
                0x0000000008001138                HAL_GPIO_WritePin
 *fill*         0x000000000800116a        0x2 
 .text.HAL_PWREx_EnableOverDrive
                0x000000000800116c       0xa0 Drivers/STM32F4xx_HAL_Driver/Src/stm32f4xx_hal_pwr_ex.o
                0x000000000800116c                HAL_PWREx_EnableOverDrive
 .text.HAL_RCC_ClockConfig
                0x000000000800120c      0x1c4 Drivers/STM32F4xx_HAL_Driver/Src/stm32f4xx_hal_rcc.o
                0x000000000800120c                HAL_RCC_ClockConfig
 .text.HAL_RCC_GetSysClockFreq
                0x00000000080013d0      0x340 Drivers/STM32F4xx_HAL_Driver/Src/stm32f4xx_hal_rcc_ex.o
                0x00000000080013d0                HAL_RCC_GetSysClockFreq
 .text.HAL_RCC_OscConfig
                0x0000000008001710      0x4b4 Drivers/STM32F4xx_HAL_Driver/Src/stm32f4xx_hal_rcc_ex.o
                0x0000000008001710                HAL_RCC_OscConfig
 .text.HAL_SPI_Init
                0x0000000008001bc4       0xc8 Drivers/STM32F4xx_HAL_Driver/Src/stm32f4xx_hal_spi.o
                0x0000000008001bc4                HAL_SPI_Init
 .text.HAL_SPI_TransmitReceive
                0x0000000008001c8c      0x344 Drivers/STM32F4xx_HAL_Driver/Src/stm32f4xx_hal_spi.o
                0x0000000008001c8c                HAL_SPI_TransmitReceive
 .text.SPI_WaitFlagStateUntilTimeout
                0x0000000008001fd0       0xd4 Drivers/STM32F4xx_HAL_Driver/Src/stm32f4xx_hal_spi.o
 .text.SPI_EndRxTxTransaction
                0x00000000080020a4       0x84 Drivers/STM32F4xx_HAL_Driver/Src/stm32f4xx_hal_spi.o
 .text.delay    0x0000000008002128       0x24 Drivers/display/lcd.o
                0x0000000008002128                delay
 .text.GPIO_Init
                0x000000000800214c      0x130 Drivers/display/lcd.o
                0x000000000800214c                GPIO_Init
 .text.LCD_Write8
                0x000000000800227c       0xb0 Drivers/display/lcd.o
                0x000000000800227c                LCD_Write8
 .text.LCD_Write16Register16
                0x000000000800232c       0x5c Drivers/display/lcd.o
                0x000000000800232c                LCD_Write16Register16
 .text.LCD_Init
                0x0000000008002388      0x120 Drivers/display/lcd.o
                0x0000000008002388                LCD_Init
 .text.LCD_DrawPixel
                0x00000000080024a8       0xd8 Drivers/display/lcd.o
                0x00000000080024a8                LCD_DrawPixel
 .text.LCD_Flood
                0x0000000008002580       0xac Drivers/display/lcd.o
                0x0000000008002580                LCD_Flood
 .text.LCD_FillScreen
                0x000000000800262c       0x84 Drivers/display/lcd.o
                0x000000000800262c                LCD_FillScreen
 .text.LCD_Reset
                0x00000000080026b0       0x94 Drivers/display/lcd.o
                0x00000000080026b0                LCD_Reset
 .text.LCD_SetAddrWindow
                0x0000000008002744      0x124 Drivers/display/lcd.o
                0x0000000008002744                LCD_SetAddrWindow
 .text.LCD_SetRotation
                0x0000000008002868       0xc4 Drivers/display/lcd.o
                0x0000000008002868                LCD_SetRotation
 .text.LCD_DrawChar
                0x000000000800292c      0x1cc Drivers/display/lcd.o
                0x000000000800292c                LCD_DrawChar
 .text.LCD_Printf
                0x0000000008002af8      0x17c Drivers/display/lcd.o
                0x0000000008002af8                LCD_Printf
 .text.LCD_SetTextSize
                0x0000000008002c74       0x34 Drivers/display/lcd.o
                0x0000000008002c74                LCD_SetTextSize
 .text.LCD_SetTextColor
                0x0000000008002ca8       0x30 Drivers/display/lcd.o
                0x0000000008002ca8                LCD_SetTextColor
 .text.__errno  0x0000000008002cd8        0xc c:/st/stm32cubeide_1.1.0/stm32cubeide/plugins/com.st.stm32cube.ide.mcu.externaltools.gnu-tools-for-stm32.7-2018-q2-update.win32_1.0.0.201904181610/tools/bin/../lib/gcc/arm-none-eabi/7.3.1/../../../../arm-none-eabi/lib/thumb/v7e-m/fpv4-sp/hard\libc_nano.a(lib_a-errno.o)
                0x0000000008002cd8                __errno
 .text.__libc_init_array
                0x0000000008002ce4       0x48 c:/st/stm32cubeide_1.1.0/stm32cubeide/plugins/com.st.stm32cube.ide.mcu.externaltools.gnu-tools-for-stm32.7-2018-q2-update.win32_1.0.0.201904181610/tools/bin/../lib/gcc/arm-none-eabi/7.3.1/../../../../arm-none-eabi/lib/thumb/v7e-m/fpv4-sp/hard\libc_nano.a(lib_a-init.o)
                0x0000000008002ce4                __libc_init_array
 .text.memset   0x0000000008002d2c       0x10 c:/st/stm32cubeide_1.1.0/stm32cubeide/plugins/com.st.stm32cube.ide.mcu.externaltools.gnu-tools-for-stm32.7-2018-q2-update.win32_1.0.0.201904181610/tools/bin/../lib/gcc/arm-none-eabi/7.3.1/../../../../arm-none-eabi/lib/thumb/v7e-m/fpv4-sp/hard\libc_nano.a(lib_a-memset.o)
                0x0000000008002d2c                memset
 .text._vsprintf_r
                0x0000000008002d3c       0x2c c:/st/stm32cubeide_1.1.0/stm32cubeide/plugins/com.st.stm32cube.ide.mcu.externaltools.gnu-tools-for-stm32.7-2018-q2-update.win32_1.0.0.201904181610/tools/bin/../lib/gcc/arm-none-eabi/7.3.1/../../../../arm-none-eabi/lib/thumb/v7e-m/fpv4-sp/hard\libc_nano.a(lib_a-vsprintf.o)
                0x0000000008002d3c                _vsprintf_r
                0x0000000008002d3c                _vsiprintf_r
 .text.vsprintf
                0x0000000008002d68       0x14 c:/st/stm32cubeide_1.1.0/stm32cubeide/plugins/com.st.stm32cube.ide.mcu.externaltools.gnu-tools-for-stm32.7-2018-q2-update.win32_1.0.0.201904181610/tools/bin/../lib/gcc/arm-none-eabi/7.3.1/../../../../arm-none-eabi/lib/thumb/v7e-m/fpv4-sp/hard\libc_nano.a(lib_a-vsprintf.o)
                0x0000000008002d68                vsiprintf
                0x0000000008002d68                vsprintf
 .text.__ssputs_r
                0x0000000008002d7c       0xb4 c:/st/stm32cubeide_1.1.0/stm32cubeide/plugins/com.st.stm32cube.ide.mcu.externaltools.gnu-tools-for-stm32.7-2018-q2-update.win32_1.0.0.201904181610/tools/bin/../lib/gcc/arm-none-eabi/7.3.1/../../../../arm-none-eabi/lib/thumb/v7e-m/fpv4-sp/hard\libc_nano.a(lib_a-nano-svfprintf.o)
                0x0000000008002d7c                __ssputs_r
 .text._svfprintf_r
                0x0000000008002e30      0x1f0 c:/st/stm32cubeide_1.1.0/stm32cubeide/plugins/com.st.stm32cube.ide.mcu.externaltools.gnu-tools-for-stm32.7-2018-q2-update.win32_1.0.0.201904181610/tools/bin/../lib/gcc/arm-none-eabi/7.3.1/../../../../arm-none-eabi/lib/thumb/v7e-m/fpv4-sp/hard\libc_nano.a(lib_a-nano-svfprintf.o)
                0x0000000008002e30                _svfiprintf_r
                0x0000000008002e30                _svfprintf_r
 .text._printf_common
                0x0000000008003020       0xea c:/st/stm32cubeide_1.1.0/stm32cubeide/plugins/com.st.stm32cube.ide.mcu.externaltools.gnu-tools-for-stm32.7-2018-q2-update.win32_1.0.0.201904181610/tools/bin/../lib/gcc/arm-none-eabi/7.3.1/../../../../arm-none-eabi/lib/thumb/v7e-m/fpv4-sp/hard\libc_nano.a(lib_a-nano-vfprintf_i.o)
                0x0000000008003020                _printf_common
 *fill*         0x000000000800310a        0x2 
 .text._printf_i
                0x000000000800310c      0x224 c:/st/stm32cubeide_1.1.0/stm32cubeide/plugins/com.st.stm32cube.ide.mcu.externaltools.gnu-tools-for-stm32.7-2018-q2-update.win32_1.0.0.201904181610/tools/bin/../lib/gcc/arm-none-eabi/7.3.1/../../../../arm-none-eabi/lib/thumb/v7e-m/fpv4-sp/hard\libc_nano.a(lib_a-nano-vfprintf_i.o)
                0x000000000800310c                _printf_i
 .text.memcpy   0x0000000008003330       0x16 c:/st/stm32cubeide_1.1.0/stm32cubeide/plugins/com.st.stm32cube.ide.mcu.externaltools.gnu-tools-for-stm32.7-2018-q2-update.win32_1.0.0.201904181610/tools/bin/../lib/gcc/arm-none-eabi/7.3.1/../../../../arm-none-eabi/lib/thumb/v7e-m/fpv4-sp/hard\libc_nano.a(lib_a-memcpy-stub.o)
                0x0000000008003330                memcpy
 .text.memmove  0x0000000008003346       0x32 c:/st/stm32cubeide_1.1.0/stm32cubeide/plugins/com.st.stm32cube.ide.mcu.externaltools.gnu-tools-for-stm32.7-2018-q2-update.win32_1.0.0.201904181610/tools/bin/../lib/gcc/arm-none-eabi/7.3.1/../../../../arm-none-eabi/lib/thumb/v7e-m/fpv4-sp/hard\libc_nano.a(lib_a-memmove.o)
                0x0000000008003346                memmove
 .text._free_r  0x0000000008003378       0x9c c:/st/stm32cubeide_1.1.0/stm32cubeide/plugins/com.st.stm32cube.ide.mcu.externaltools.gnu-tools-for-stm32.7-2018-q2-update.win32_1.0.0.201904181610/tools/bin/../lib/gcc/arm-none-eabi/7.3.1/../../../../arm-none-eabi/lib/thumb/v7e-m/fpv4-sp/hard\libc_nano.a(lib_a-nano-freer.o)
                0x0000000008003378                _free_r
 .text._malloc_r
                0x0000000008003414       0xb4 c:/st/stm32cubeide_1.1.0/stm32cubeide/plugins/com.st.stm32cube.ide.mcu.externaltools.gnu-tools-for-stm32.7-2018-q2-update.win32_1.0.0.201904181610/tools/bin/../lib/gcc/arm-none-eabi/7.3.1/../../../../arm-none-eabi/lib/thumb/v7e-m/fpv4-sp/hard\libc_nano.a(lib_a-nano-mallocr.o)
                0x0000000008003414                _malloc_r
 .text._realloc_r
                0x00000000080034c8       0x4c c:/st/stm32cubeide_1.1.0/stm32cubeide/plugins/com.st.stm32cube.ide.mcu.externaltools.gnu-tools-for-stm32.7-2018-q2-update.win32_1.0.0.201904181610/tools/bin/../lib/gcc/arm-none-eabi/7.3.1/../../../../arm-none-eabi/lib/thumb/v7e-m/fpv4-sp/hard\libc_nano.a(lib_a-nano-reallocr.o)
                0x00000000080034c8                _realloc_r
 .text._sbrk_r  0x0000000008003514       0x20 c:/st/stm32cubeide_1.1.0/stm32cubeide/plugins/com.st.stm32cube.ide.mcu.externaltools.gnu-tools-for-stm32.7-2018-q2-update.win32_1.0.0.201904181610/tools/bin/../lib/gcc/arm-none-eabi/7.3.1/../../../../arm-none-eabi/lib/thumb/v7e-m/fpv4-sp/hard\libc_nano.a(lib_a-sbrkr.o)
                0x0000000008003514                _sbrk_r
 .text.__malloc_lock
                0x0000000008003534        0x2 c:/st/stm32cubeide_1.1.0/stm32cubeide/plugins/com.st.stm32cube.ide.mcu.externaltools.gnu-tools-for-stm32.7-2018-q2-update.win32_1.0.0.201904181610/tools/bin/../lib/gcc/arm-none-eabi/7.3.1/../../../../arm-none-eabi/lib/thumb/v7e-m/fpv4-sp/hard\libc_nano.a(lib_a-mlock.o)
                0x0000000008003534                __malloc_lock
 .text.__malloc_unlock
                0x0000000008003536        0x2 c:/st/stm32cubeide_1.1.0/stm32cubeide/plugins/com.st.stm32cube.ide.mcu.externaltools.gnu-tools-for-stm32.7-2018-q2-update.win32_1.0.0.201904181610/tools/bin/../lib/gcc/arm-none-eabi/7.3.1/../../../../arm-none-eabi/lib/thumb/v7e-m/fpv4-sp/hard\libc_nano.a(lib_a-mlock.o)
                0x0000000008003536                __malloc_unlock
 .text._malloc_usable_size_r
                0x0000000008003538       0x10 c:/st/stm32cubeide_1.1.0/stm32cubeide/plugins/com.st.stm32cube.ide.mcu.externaltools.gnu-tools-for-stm32.7-2018-q2-update.win32_1.0.0.201904181610/tools/bin/../lib/gcc/arm-none-eabi/7.3.1/../../../../arm-none-eabi/lib/thumb/v7e-m/fpv4-sp/hard\libc_nano.a(lib_a-nano-msizer.o)
                0x0000000008003538                _malloc_usable_size_r
 *(.glue_7)
 .glue_7        0x0000000008003548        0x0 linker stubs
 *(.glue_7t)
 .glue_7t       0x0000000008003548        0x0 linker stubs
 *(.eh_frame)
 .eh_frame      0x0000000008003548        0x0 c:/st/stm32cubeide_1.1.0/stm32cubeide/plugins/com.st.stm32cube.ide.mcu.externaltools.gnu-tools-for-stm32.7-2018-q2-update.win32_1.0.0.201904181610/tools/bin/../lib/gcc/arm-none-eabi/7.3.1/thumb/v7e-m/fpv4-sp/hard/crtbegin.o
 *(.init)
 .init          0x0000000008003548        0x4 c:/st/stm32cubeide_1.1.0/stm32cubeide/plugins/com.st.stm32cube.ide.mcu.externaltools.gnu-tools-for-stm32.7-2018-q2-update.win32_1.0.0.201904181610/tools/bin/../lib/gcc/arm-none-eabi/7.3.1/thumb/v7e-m/fpv4-sp/hard/crti.o
                0x0000000008003548                _init
 .init          0x000000000800354c        0x8 c:/st/stm32cubeide_1.1.0/stm32cubeide/plugins/com.st.stm32cube.ide.mcu.externaltools.gnu-tools-for-stm32.7-2018-q2-update.win32_1.0.0.201904181610/tools/bin/../lib/gcc/arm-none-eabi/7.3.1/thumb/v7e-m/fpv4-sp/hard/crtn.o
 *(.fini)
 .fini          0x0000000008003554        0x4 c:/st/stm32cubeide_1.1.0/stm32cubeide/plugins/com.st.stm32cube.ide.mcu.externaltools.gnu-tools-for-stm32.7-2018-q2-update.win32_1.0.0.201904181610/tools/bin/../lib/gcc/arm-none-eabi/7.3.1/thumb/v7e-m/fpv4-sp/hard/crti.o
                0x0000000008003554                _fini
 .fini          0x0000000008003558        0x8 c:/st/stm32cubeide_1.1.0/stm32cubeide/plugins/com.st.stm32cube.ide.mcu.externaltools.gnu-tools-for-stm32.7-2018-q2-update.win32_1.0.0.201904181610/tools/bin/../lib/gcc/arm-none-eabi/7.3.1/thumb/v7e-m/fpv4-sp/hard/crtn.o
                0x0000000008003560                . = ALIGN (0x4)
                0x0000000008003560                _etext = .

.vfp11_veneer   0x0000000008003560        0x0
 .vfp11_veneer  0x0000000008003560        0x0 linker stubs

.v4_bx          0x0000000008003560        0x0
 .v4_bx         0x0000000008003560        0x0 linker stubs

.iplt           0x0000000008003560        0x0
 .iplt          0x0000000008003560        0x0 c:/st/stm32cubeide_1.1.0/stm32cubeide/plugins/com.st.stm32cube.ide.mcu.externaltools.gnu-tools-for-stm32.7-2018-q2-update.win32_1.0.0.201904181610/tools/bin/../lib/gcc/arm-none-eabi/7.3.1/thumb/v7e-m/fpv4-sp/hard/crtbegin.o

.rodata         0x0000000008003560      0x5ac
                0x0000000008003560                . = ALIGN (0x4)
 *(.rodata)
 .rodata        0x0000000008003560       0x28 Core/Src/main.o
 *(.rodata*)
 .rodata.AHBPrescTable
                0x0000000008003588       0x10 Core/Src/system_stm32f4xx.o
                0x0000000008003588                AHBPrescTable
 .rodata.Font12_Table
                0x0000000008003598      0x474 Drivers/display/Fonts/font12.o
                0x0000000008003598                Font12_Table
 .rodata.ILI932x_regValues
                0x0000000008003a0c       0xcc Drivers/display/lcd.o
 .rodata._svfprintf_r.str1.1
                0x0000000008003ad8       0x11 c:/st/stm32cubeide_1.1.0/stm32cubeide/plugins/com.st.stm32cube.ide.mcu.externaltools.gnu-tools-for-stm32.7-2018-q2-update.win32_1.0.0.201904181610/tools/bin/../lib/gcc/arm-none-eabi/7.3.1/../../../../arm-none-eabi/lib/thumb/v7e-m/fpv4-sp/hard\libc_nano.a(lib_a-nano-svfprintf.o)
 .rodata._printf_i.str1.1
                0x0000000008003ae9       0x22 c:/st/stm32cubeide_1.1.0/stm32cubeide/plugins/com.st.stm32cube.ide.mcu.externaltools.gnu-tools-for-stm32.7-2018-q2-update.win32_1.0.0.201904181610/tools/bin/../lib/gcc/arm-none-eabi/7.3.1/../../../../arm-none-eabi/lib/thumb/v7e-m/fpv4-sp/hard\libc_nano.a(lib_a-nano-vfprintf_i.o)
                0x0000000008003b0c                . = ALIGN (0x4)
 *fill*         0x0000000008003b0b        0x1 

.ARM.extab      0x0000000008003b0c        0x0
                0x0000000008003b0c                . = ALIGN (0x4)
 *(.ARM.extab* .gnu.linkonce.armextab.*)
                0x0000000008003b0c                . = ALIGN (0x4)

.ARM            0x0000000008003b0c        0x8
                0x0000000008003b0c                . = ALIGN (0x4)
                0x0000000008003b0c                __exidx_start = .
 *(.ARM.exidx*)
 .ARM.exidx     0x0000000008003b0c        0x8 c:/st/stm32cubeide_1.1.0/stm32cubeide/plugins/com.st.stm32cube.ide.mcu.externaltools.gnu-tools-for-stm32.7-2018-q2-update.win32_1.0.0.201904181610/tools/bin/../lib/gcc/arm-none-eabi/7.3.1/thumb/v7e-m/fpv4-sp/hard\libgcc.a(_udivmoddi4.o)
                0x0000000008003b14                __exidx_end = .
                0x0000000008003b14                . = ALIGN (0x4)

.rel.dyn        0x0000000008003b14        0x0
 .rel.iplt      0x0000000008003b14        0x0 c:/st/stm32cubeide_1.1.0/stm32cubeide/plugins/com.st.stm32cube.ide.mcu.externaltools.gnu-tools-for-stm32.7-2018-q2-update.win32_1.0.0.201904181610/tools/bin/../lib/gcc/arm-none-eabi/7.3.1/thumb/v7e-m/fpv4-sp/hard/crtbegin.o

.preinit_array  0x0000000008003b14        0x0
                0x0000000008003b14                . = ALIGN (0x4)
                0x0000000008003b14                PROVIDE (__preinit_array_start = .)
 *(.preinit_array*)
                0x0000000008003b14                PROVIDE (__preinit_array_end = .)
                0x0000000008003b14                . = ALIGN (0x4)

.init_array     0x0000000008003b14        0x4
                0x0000000008003b14                . = ALIGN (0x4)
                0x0000000008003b14                PROVIDE (__init_array_start = .)
 *(SORT_BY_NAME(.init_array.*))
 *(.init_array*)
 .init_array    0x0000000008003b14        0x4 c:/st/stm32cubeide_1.1.0/stm32cubeide/plugins/com.st.stm32cube.ide.mcu.externaltools.gnu-tools-for-stm32.7-2018-q2-update.win32_1.0.0.201904181610/tools/bin/../lib/gcc/arm-none-eabi/7.3.1/thumb/v7e-m/fpv4-sp/hard/crtbegin.o
                0x0000000008003b18                PROVIDE (__init_array_end = .)
                0x0000000008003b18                . = ALIGN (0x4)

.fini_array     0x0000000008003b18        0x4
                0x0000000008003b18                . = ALIGN (0x4)
                [!provide]                        PROVIDE (__fini_array_start = .)
 *(SORT_BY_NAME(.fini_array.*))
 *(.fini_array*)
 .fini_array    0x0000000008003b18        0x4 c:/st/stm32cubeide_1.1.0/stm32cubeide/plugins/com.st.stm32cube.ide.mcu.externaltools.gnu-tools-for-stm32.7-2018-q2-update.win32_1.0.0.201904181610/tools/bin/../lib/gcc/arm-none-eabi/7.3.1/thumb/v7e-m/fpv4-sp/hard/crtbegin.o
                [!provide]                        PROVIDE (__fini_array_end = .)
                0x0000000008003b1c                . = ALIGN (0x4)
                0x0000000008003b1c                _sidata = LOADADDR (.data)

.data           0x0000000020000000       0xa0 load address 0x0000000008003b1c
                0x0000000020000000                . = ALIGN (0x4)
                0x0000000020000000                _sdata = .
 *(.data)
 *(.data*)
 .data.aTxBuffer
                0x0000000020000000       0x24 Core/Src/main.o
                0x0000000020000000                aTxBuffer
 .data.SystemCoreClock
                0x0000000020000024        0x4 Core/Src/system_stm32f4xx.o
                0x0000000020000024                SystemCoreClock
 .data.uwTickPrio
                0x0000000020000028        0x4 Drivers/STM32F4xx_HAL_Driver/Src/stm32f4xx_hal.o
                0x0000000020000028                uwTickPrio
 .data.uwTickFreq
                0x000000002000002c        0x1 Drivers/STM32F4xx_HAL_Driver/Src/stm32f4xx_hal.o
                0x000000002000002c                uwTickFreq
 *fill*         0x000000002000002d        0x3 
 .data.Font12   0x0000000020000030        0x8 Drivers/display/Fonts/font12.o
                0x0000000020000030                Font12
 .data.fonts    0x0000000020000038        0x4 Drivers/display/lcd.o
 .data._impure_ptr
                0x000000002000003c        0x4 c:/st/stm32cubeide_1.1.0/stm32cubeide/plugins/com.st.stm32cube.ide.mcu.externaltools.gnu-tools-for-stm32.7-2018-q2-update.win32_1.0.0.201904181610/tools/bin/../lib/gcc/arm-none-eabi/7.3.1/../../../../arm-none-eabi/lib/thumb/v7e-m/fpv4-sp/hard\libc_nano.a(lib_a-impure.o)
                0x000000002000003c                _impure_ptr
 .data.impure_data
                0x0000000020000040       0x60 c:/st/stm32cubeide_1.1.0/stm32cubeide/plugins/com.st.stm32cube.ide.mcu.externaltools.gnu-tools-for-stm32.7-2018-q2-update.win32_1.0.0.201904181610/tools/bin/../lib/gcc/arm-none-eabi/7.3.1/../../../../arm-none-eabi/lib/thumb/v7e-m/fpv4-sp/hard\libc_nano.a(lib_a-impure.o)
                0x00000000200000a0                . = ALIGN (0x4)
                0x00000000200000a0                _edata = .

.igot.plt       0x00000000200000a0        0x0 load address 0x0000000008003bbc
 .igot.plt      0x00000000200000a0        0x0 c:/st/stm32cubeide_1.1.0/stm32cubeide/plugins/com.st.stm32cube.ide.mcu.externaltools.gnu-tools-for-stm32.7-2018-q2-update.win32_1.0.0.201904181610/tools/bin/../lib/gcc/arm-none-eabi/7.3.1/thumb/v7e-m/fpv4-sp/hard/crtbegin.o
                0x00000000200000a0                . = ALIGN (0x4)

.bss            0x00000000200000a0      0x1c0 load address 0x0000000008003bbc
                0x00000000200000a0                _sbss = .
                0x00000000200000a0                __bss_start__ = _sbss
 *(.bss)
 .bss           0x00000000200000a0       0x1c c:/st/stm32cubeide_1.1.0/stm32cubeide/plugins/com.st.stm32cube.ide.mcu.externaltools.gnu-tools-for-stm32.7-2018-q2-update.win32_1.0.0.201904181610/tools/bin/../lib/gcc/arm-none-eabi/7.3.1/thumb/v7e-m/fpv4-sp/hard/crtbegin.o
 *(.bss*)
 .bss.heap_end.6424
                0x00000000200000bc        0x4 Core/Src/sysmem.o
 .bss.m_width   0x00000000200000c0        0x2 Drivers/display/lcd.o
 .bss.m_height  0x00000000200000c2        0x2 Drivers/display/lcd.o
 .bss.m_cursor_x
                0x00000000200000c4        0x2 Drivers/display/lcd.o
 .bss.m_cursor_y
                0x00000000200000c6        0x2 Drivers/display/lcd.o
 .bss.m_textcolor
                0x00000000200000c8        0x2 Drivers/display/lcd.o
 .bss.m_textbgcolor
                0x00000000200000ca        0x2 Drivers/display/lcd.o
 .bss.m_font    0x00000000200000cc        0x1 Drivers/display/lcd.o
 .bss.m_rotation
                0x00000000200000cd        0x1 Drivers/display/lcd.o
 .bss.m_wrap    0x00000000200000ce        0x1 Drivers/display/lcd.o
 *fill*         0x00000000200000cf        0x1 
 .bss.buf.9514  0x00000000200000d0      0x100 Drivers/display/lcd.o
 .bss.__malloc_free_list
                0x00000000200001d0        0x4 c:/st/stm32cubeide_1.1.0/stm32cubeide/plugins/com.st.stm32cube.ide.mcu.externaltools.gnu-tools-for-stm32.7-2018-q2-update.win32_1.0.0.201904181610/tools/bin/../lib/gcc/arm-none-eabi/7.3.1/../../../../arm-none-eabi/lib/thumb/v7e-m/fpv4-sp/hard\libc_nano.a(lib_a-nano-mallocr.o)
                0x00000000200001d0                __malloc_free_list
 .bss.__malloc_sbrk_start
                0x00000000200001d4        0x4 c:/st/stm32cubeide_1.1.0/stm32cubeide/plugins/com.st.stm32cube.ide.mcu.externaltools.gnu-tools-for-stm32.7-2018-q2-update.win32_1.0.0.201904181610/tools/bin/../lib/gcc/arm-none-eabi/7.3.1/../../../../arm-none-eabi/lib/thumb/v7e-m/fpv4-sp/hard\libc_nano.a(lib_a-nano-mallocr.o)
                0x00000000200001d4                __malloc_sbrk_start
 *(COMMON)
 COMMON         0x00000000200001d8       0x27 Core/Src/main.o
                0x00000000200001d8                result
                0x00000000200001dc                aRxBuffer
 *fill*         0x00000000200001ff        0x1 
 COMMON         0x0000000020000200       0x58 Core/Src/spi.o
                0x0000000020000200                hspi3
 COMMON         0x0000000020000258        0x4 Drivers/STM32F4xx_HAL_Driver/Src/stm32f4xx_hal.o
                0x0000000020000258                uwTick
 COMMON         0x000000002000025c        0x4 c:/st/stm32cubeide_1.1.0/stm32cubeide/plugins/com.st.stm32cube.ide.mcu.externaltools.gnu-tools-for-stm32.7-2018-q2-update.win32_1.0.0.201904181610/tools/bin/../lib/gcc/arm-none-eabi/7.3.1/../../../../arm-none-eabi/lib/thumb/v7e-m/fpv4-sp/hard\libc_nano.a(lib_a-reent.o)
                0x000000002000025c                errno
                0x0000000020000260                . = ALIGN (0x4)
                0x0000000020000260                _ebss = .
                0x0000000020000260                __bss_end__ = _ebss

._user_heap_stack
                0x0000000020000260      0x600 load address 0x0000000008003bbc
                0x0000000020000260                . = ALIGN (0x8)
                0x0000000020000260                PROVIDE (end = .)
                [!provide]                        PROVIDE (_end = .)
                0x0000000020000460                . = (. + _Min_Heap_Size)
 *fill*         0x0000000020000260      0x200 
                0x0000000020000860                . = (. + _Min_Stack_Size)
 *fill*         0x0000000020000460      0x400 
                0x0000000020000860                . = ALIGN (0x8)

/DISCARD/
 libc.a(*)
 libm.a(*)
 libgcc.a(*)

.ARM.attributes
                0x0000000000000000       0x30
 *(.ARM.attributes)
 .ARM.attributes
                0x0000000000000000       0x22 c:/st/stm32cubeide_1.1.0/stm32cubeide/plugins/com.st.stm32cube.ide.mcu.externaltools.gnu-tools-for-stm32.7-2018-q2-update.win32_1.0.0.201904181610/tools/bin/../lib/gcc/arm-none-eabi/7.3.1/thumb/v7e-m/fpv4-sp/hard/crti.o
 .ARM.attributes
                0x0000000000000022       0x34 c:/st/stm32cubeide_1.1.0/stm32cubeide/plugins/com.st.stm32cube.ide.mcu.externaltools.gnu-tools-for-stm32.7-2018-q2-update.win32_1.0.0.201904181610/tools/bin/../lib/gcc/arm-none-eabi/7.3.1/thumb/v7e-m/fpv4-sp/hard/crtbegin.o
 .ARM.attributes
                0x0000000000000056       0x39 Core/Src/gpio.o
 .ARM.attributes
                0x000000000000008f       0x39 Core/Src/main.o
 .ARM.attributes
                0x00000000000000c8       0x39 Core/Src/spi.o
 .ARM.attributes
                0x0000000000000101       0x39 Core/Src/stm32f4xx_hal_msp.o
 .ARM.attributes
                0x000000000000013a       0x39 Core/Src/stm32f4xx_it.o
 .ARM.attributes
                0x0000000000000173       0x39 Core/Src/sysmem.o
 .ARM.attributes
                0x00000000000001ac       0x39 Core/Src/system_stm32f4xx.o
 .ARM.attributes
                0x00000000000001e5       0x21 Core/Startup/startup_stm32f446retx.o
 .ARM.attributes
                0x0000000000000206       0x39 Drivers/STM32F4xx_HAL_Driver/Src/stm32f4xx_hal.o
 .ARM.attributes
                0x000000000000023f       0x39 Drivers/STM32F4xx_HAL_Driver/Src/stm32f4xx_hal_cortex.o
 .ARM.attributes
                0x0000000000000278       0x39 Drivers/STM32F4xx_HAL_Driver/Src/stm32f4xx_hal_gpio.o
 .ARM.attributes
                0x00000000000002b1       0x39 Drivers/STM32F4xx_HAL_Driver/Src/stm32f4xx_hal_pwr_ex.o
 .ARM.attributes
                0x00000000000002ea       0x39 Drivers/STM32F4xx_HAL_Driver/Src/stm32f4xx_hal_rcc.o
 .ARM.attributes
                0x0000000000000323       0x39 Drivers/STM32F4xx_HAL_Driver/Src/stm32f4xx_hal_rcc_ex.o
 .ARM.attributes
                0x000000000000035c       0x39 Drivers/STM32F4xx_HAL_Driver/Src/stm32f4xx_hal_spi.o
 .ARM.attributes
                0x0000000000000395       0x39 Drivers/display/Fonts/font12.o
 .ARM.attributes
                0x00000000000003ce       0x39 Drivers/display/lcd.o
 .ARM.attributes
                0x0000000000000407       0x34 c:/st/stm32cubeide_1.1.0/stm32cubeide/plugins/com.st.stm32cube.ide.mcu.externaltools.gnu-tools-for-stm32.7-2018-q2-update.win32_1.0.0.201904181610/tools/bin/../lib/gcc/arm-none-eabi/7.3.1/../../../../arm-none-eabi/lib/thumb/v7e-m/fpv4-sp/hard\libc_nano.a(lib_a-errno.o)
 .ARM.attributes
                0x000000000000043b       0x34 c:/st/stm32cubeide_1.1.0/stm32cubeide/plugins/com.st.stm32cube.ide.mcu.externaltools.gnu-tools-for-stm32.7-2018-q2-update.win32_1.0.0.201904181610/tools/bin/../lib/gcc/arm-none-eabi/7.3.1/../../../../arm-none-eabi/lib/thumb/v7e-m/fpv4-sp/hard\libc_nano.a(lib_a-impure.o)
 .ARM.attributes
                0x000000000000046f       0x34 c:/st/stm32cubeide_1.1.0/stm32cubeide/plugins/com.st.stm32cube.ide.mcu.externaltools.gnu-tools-for-stm32.7-2018-q2-update.win32_1.0.0.201904181610/tools/bin/../lib/gcc/arm-none-eabi/7.3.1/../../../../arm-none-eabi/lib/thumb/v7e-m/fpv4-sp/hard\libc_nano.a(lib_a-init.o)
 .ARM.attributes
                0x00000000000004a3       0x34 c:/st/stm32cubeide_1.1.0/stm32cubeide/plugins/com.st.stm32cube.ide.mcu.externaltools.gnu-tools-for-stm32.7-2018-q2-update.win32_1.0.0.201904181610/tools/bin/../lib/gcc/arm-none-eabi/7.3.1/../../../../arm-none-eabi/lib/thumb/v7e-m/fpv4-sp/hard\libc_nano.a(lib_a-memset.o)
 .ARM.attributes
                0x00000000000004d7       0x34 c:/st/stm32cubeide_1.1.0/stm32cubeide/plugins/com.st.stm32cube.ide.mcu.externaltools.gnu-tools-for-stm32.7-2018-q2-update.win32_1.0.0.201904181610/tools/bin/../lib/gcc/arm-none-eabi/7.3.1/../../../../arm-none-eabi/lib/thumb/v7e-m/fpv4-sp/hard\libc_nano.a(lib_a-vsprintf.o)
 .ARM.attributes
                0x000000000000050b       0x34 c:/st/stm32cubeide_1.1.0/stm32cubeide/plugins/com.st.stm32cube.ide.mcu.externaltools.gnu-tools-for-stm32.7-2018-q2-update.win32_1.0.0.201904181610/tools/bin/../lib/gcc/arm-none-eabi/7.3.1/../../../../arm-none-eabi/lib/thumb/v7e-m/fpv4-sp/hard\libc_nano.a(lib_a-nano-svfprintf.o)
 .ARM.attributes
                0x000000000000053f       0x34 c:/st/stm32cubeide_1.1.0/stm32cubeide/plugins/com.st.stm32cube.ide.mcu.externaltools.gnu-tools-for-stm32.7-2018-q2-update.win32_1.0.0.201904181610/tools/bin/../lib/gcc/arm-none-eabi/7.3.1/../../../../arm-none-eabi/lib/thumb/v7e-m/fpv4-sp/hard\libc_nano.a(lib_a-nano-vfprintf_i.o)
 .ARM.attributes
                0x0000000000000573       0x20 c:/st/stm32cubeide_1.1.0/stm32cubeide/plugins/com.st.stm32cube.ide.mcu.externaltools.gnu-tools-for-stm32.7-2018-q2-update.win32_1.0.0.201904181610/tools/bin/../lib/gcc/arm-none-eabi/7.3.1/../../../../arm-none-eabi/lib/thumb/v7e-m/fpv4-sp/hard\libc_nano.a(lib_a-memchr.o)
 .ARM.attributes
                0x0000000000000593       0x34 c:/st/stm32cubeide_1.1.0/stm32cubeide/plugins/com.st.stm32cube.ide.mcu.externaltools.gnu-tools-for-stm32.7-2018-q2-update.win32_1.0.0.201904181610/tools/bin/../lib/gcc/arm-none-eabi/7.3.1/../../../../arm-none-eabi/lib/thumb/v7e-m/fpv4-sp/hard\libc_nano.a(lib_a-memcpy-stub.o)
 .ARM.attributes
                0x00000000000005c7       0x34 c:/st/stm32cubeide_1.1.0/stm32cubeide/plugins/com.st.stm32cube.ide.mcu.externaltools.gnu-tools-for-stm32.7-2018-q2-update.win32_1.0.0.201904181610/tools/bin/../lib/gcc/arm-none-eabi/7.3.1/../../../../arm-none-eabi/lib/thumb/v7e-m/fpv4-sp/hard\libc_nano.a(lib_a-memmove.o)
 .ARM.attributes
                0x00000000000005fb       0x34 c:/st/stm32cubeide_1.1.0/stm32cubeide/plugins/com.st.stm32cube.ide.mcu.externaltools.gnu-tools-for-stm32.7-2018-q2-update.win32_1.0.0.201904181610/tools/bin/../lib/gcc/arm-none-eabi/7.3.1/../../../../arm-none-eabi/lib/thumb/v7e-m/fpv4-sp/hard\libc_nano.a(lib_a-nano-freer.o)
 .ARM.attributes
                0x000000000000062f       0x34 c:/st/stm32cubeide_1.1.0/stm32cubeide/plugins/com.st.stm32cube.ide.mcu.externaltools.gnu-tools-for-stm32.7-2018-q2-update.win32_1.0.0.201904181610/tools/bin/../lib/gcc/arm-none-eabi/7.3.1/../../../../arm-none-eabi/lib/thumb/v7e-m/fpv4-sp/hard\libc_nano.a(lib_a-nano-mallocr.o)
 .ARM.attributes
                0x0000000000000663       0x34 c:/st/stm32cubeide_1.1.0/stm32cubeide/plugins/com.st.stm32cube.ide.mcu.externaltools.gnu-tools-for-stm32.7-2018-q2-update.win32_1.0.0.201904181610/tools/bin/../lib/gcc/arm-none-eabi/7.3.1/../../../../arm-none-eabi/lib/thumb/v7e-m/fpv4-sp/hard\libc_nano.a(lib_a-nano-reallocr.o)
 .ARM.attributes
                0x0000000000000697       0x34 c:/st/stm32cubeide_1.1.0/stm32cubeide/plugins/com.st.stm32cube.ide.mcu.externaltools.gnu-tools-for-stm32.7-2018-q2-update.win32_1.0.0.201904181610/tools/bin/../lib/gcc/arm-none-eabi/7.3.1/../../../../arm-none-eabi/lib/thumb/v7e-m/fpv4-sp/hard\libc_nano.a(lib_a-sbrkr.o)
 .ARM.attributes
                0x00000000000006cb       0x34 c:/st/stm32cubeide_1.1.0/stm32cubeide/plugins/com.st.stm32cube.ide.mcu.externaltools.gnu-tools-for-stm32.7-2018-q2-update.win32_1.0.0.201904181610/tools/bin/../lib/gcc/arm-none-eabi/7.3.1/../../../../arm-none-eabi/lib/thumb/v7e-m/fpv4-sp/hard\libc_nano.a(lib_a-mlock.o)
 .ARM.attributes
                0x00000000000006ff       0x34 c:/st/stm32cubeide_1.1.0/stm32cubeide/plugins/com.st.stm32cube.ide.mcu.externaltools.gnu-tools-for-stm32.7-2018-q2-update.win32_1.0.0.201904181610/tools/bin/../lib/gcc/arm-none-eabi/7.3.1/../../../../arm-none-eabi/lib/thumb/v7e-m/fpv4-sp/hard\libc_nano.a(lib_a-nano-msizer.o)
 .ARM.attributes
                0x0000000000000733       0x34 c:/st/stm32cubeide_1.1.0/stm32cubeide/plugins/com.st.stm32cube.ide.mcu.externaltools.gnu-tools-for-stm32.7-2018-q2-update.win32_1.0.0.201904181610/tools/bin/../lib/gcc/arm-none-eabi/7.3.1/../../../../arm-none-eabi/lib/thumb/v7e-m/fpv4-sp/hard\libc_nano.a(lib_a-reent.o)
 .ARM.attributes
                0x0000000000000767       0x22 c:/st/stm32cubeide_1.1.0/stm32cubeide/plugins/com.st.stm32cube.ide.mcu.externaltools.gnu-tools-for-stm32.7-2018-q2-update.win32_1.0.0.201904181610/tools/bin/../lib/gcc/arm-none-eabi/7.3.1/thumb/v7e-m/fpv4-sp/hard\libgcc.a(_aeabi_uldivmod.o)
 .ARM.attributes
                0x0000000000000789       0x34 c:/st/stm32cubeide_1.1.0/stm32cubeide/plugins/com.st.stm32cube.ide.mcu.externaltools.gnu-tools-for-stm32.7-2018-q2-update.win32_1.0.0.201904181610/tools/bin/../lib/gcc/arm-none-eabi/7.3.1/thumb/v7e-m/fpv4-sp/hard\libgcc.a(_udivmoddi4.o)
 .ARM.attributes
                0x00000000000007bd       0x22 c:/st/stm32cubeide_1.1.0/stm32cubeide/plugins/com.st.stm32cube.ide.mcu.externaltools.gnu-tools-for-stm32.7-2018-q2-update.win32_1.0.0.201904181610/tools/bin/../lib/gcc/arm-none-eabi/7.3.1/thumb/v7e-m/fpv4-sp/hard\libgcc.a(_dvmd_tls.o)
 .ARM.attributes
                0x00000000000007df       0x22 c:/st/stm32cubeide_1.1.0/stm32cubeide/plugins/com.st.stm32cube.ide.mcu.externaltools.gnu-tools-for-stm32.7-2018-q2-update.win32_1.0.0.201904181610/tools/bin/../lib/gcc/arm-none-eabi/7.3.1/thumb/v7e-m/fpv4-sp/hard/crtn.o
OUTPUT(STM32F446Re.elf elf32-littlearm)

.debug_info     0x0000000000000000     0xa31d
 .debug_info    0x0000000000000000      0x4aa Core/Src/gpio.o
 .debug_info    0x00000000000004aa     0x133b Core/Src/main.o
 .debug_info    0x00000000000017e5      0x999 Core/Src/spi.o
 .debug_info    0x000000000000217e      0x344 Core/Src/stm32f4xx_hal_msp.o
 .debug_info    0x00000000000024c2      0x1b3 Core/Src/stm32f4xx_it.o
 .debug_info    0x0000000000002675      0x91c Core/Src/sysmem.o
 .debug_info    0x0000000000002f91      0x536 Core/Src/system_stm32f4xx.o
 .debug_info    0x00000000000034c7       0x22 Core/Startup/startup_stm32f446retx.o
 .debug_info    0x00000000000034e9      0x973 Drivers/STM32F4xx_HAL_Driver/Src/stm32f4xx_hal.o
 .debug_info    0x0000000000003e5c      0xdf4 Drivers/STM32F4xx_HAL_Driver/Src/stm32f4xx_hal_cortex.o
 .debug_info    0x0000000000004c50      0x7b1 Drivers/STM32F4xx_HAL_Driver/Src/stm32f4xx_hal_gpio.o
 .debug_info    0x0000000000005401      0x70f Drivers/STM32F4xx_HAL_Driver/Src/stm32f4xx_hal_pwr_ex.o
 .debug_info    0x0000000000005b10      0x8e4 Drivers/STM32F4xx_HAL_Driver/Src/stm32f4xx_hal_rcc.o
 .debug_info    0x00000000000063f4      0x983 Drivers/STM32F4xx_HAL_Driver/Src/stm32f4xx_hal_rcc_ex.o
 .debug_info    0x0000000000006d77     0x15e8 Drivers/STM32F4xx_HAL_Driver/Src/stm32f4xx_hal_spi.o
 .debug_info    0x000000000000835f      0x117 Drivers/display/Fonts/font12.o
 .debug_info    0x0000000000008476     0x1ea7 Drivers/display/lcd.o

.debug_abbrev   0x0000000000000000     0x1af9
 .debug_abbrev  0x0000000000000000      0x134 Core/Src/gpio.o
 .debug_abbrev  0x0000000000000134      0x20a Core/Src/main.o
 .debug_abbrev  0x000000000000033e      0x199 Core/Src/spi.o
 .debug_abbrev  0x00000000000004d7       0xef Core/Src/stm32f4xx_hal_msp.o
 .debug_abbrev  0x00000000000005c6       0xac Core/Src/stm32f4xx_it.o
 .debug_abbrev  0x0000000000000672      0x1bb Core/Src/sysmem.o
 .debug_abbrev  0x000000000000082d      0x111 Core/Src/system_stm32f4xx.o
 .debug_abbrev  0x000000000000093e       0x12 Core/Startup/startup_stm32f446retx.o
 .debug_abbrev  0x0000000000000950      0x1cb Drivers/STM32F4xx_HAL_Driver/Src/stm32f4xx_hal.o
 .debug_abbrev  0x0000000000000b1b      0x2fa Drivers/STM32F4xx_HAL_Driver/Src/stm32f4xx_hal_cortex.o
 .debug_abbrev  0x0000000000000e15      0x1c9 Drivers/STM32F4xx_HAL_Driver/Src/stm32f4xx_hal_gpio.o
 .debug_abbrev  0x0000000000000fde      0x1b8 Drivers/STM32F4xx_HAL_Driver/Src/stm32f4xx_hal_pwr_ex.o
 .debug_abbrev  0x0000000000001196      0x245 Drivers/STM32F4xx_HAL_Driver/Src/stm32f4xx_hal_rcc.o
 .debug_abbrev  0x00000000000013db      0x1bc Drivers/STM32F4xx_HAL_Driver/Src/stm32f4xx_hal_rcc_ex.o
 .debug_abbrev  0x0000000000001597      0x240 Drivers/STM32F4xx_HAL_Driver/Src/stm32f4xx_hal_spi.o
 .debug_abbrev  0x00000000000017d7       0xa3 Drivers/display/Fonts/font12.o
 .debug_abbrev  0x000000000000187a      0x27f Drivers/display/lcd.o

.debug_aranges  0x0000000000000000      0x8a0
 .debug_aranges
                0x0000000000000000       0x20 Core/Src/gpio.o
 .debug_aranges
                0x0000000000000020       0x30 Core/Src/main.o
 .debug_aranges
                0x0000000000000050       0x30 Core/Src/spi.o
 .debug_aranges
                0x0000000000000080       0x20 Core/Src/stm32f4xx_hal_msp.o
 .debug_aranges
                0x00000000000000a0       0x60 Core/Src/stm32f4xx_it.o
 .debug_aranges
                0x0000000000000100       0x20 Core/Src/sysmem.o
 .debug_aranges
                0x0000000000000120       0x28 Core/Src/system_stm32f4xx.o
 .debug_aranges
                0x0000000000000148       0x28 Core/Startup/startup_stm32f446retx.o
 .debug_aranges
                0x0000000000000170       0xf0 Drivers/STM32F4xx_HAL_Driver/Src/stm32f4xx_hal.o
 .debug_aranges
                0x0000000000000260      0x118 Drivers/STM32F4xx_HAL_Driver/Src/stm32f4xx_hal_cortex.o
 .debug_aranges
                0x0000000000000378       0x58 Drivers/STM32F4xx_HAL_Driver/Src/stm32f4xx_hal_gpio.o
 .debug_aranges
                0x00000000000003d0       0x60 Drivers/STM32F4xx_HAL_Driver/Src/stm32f4xx_hal_pwr_ex.o
 .debug_aranges
                0x0000000000000430       0x88 Drivers/STM32F4xx_HAL_Driver/Src/stm32f4xx_hal_rcc.o
 .debug_aranges
                0x00000000000004b8       0x78 Drivers/STM32F4xx_HAL_Driver/Src/stm32f4xx_hal_rcc_ex.o
 .debug_aranges
                0x0000000000000530      0x1d0 Drivers/STM32F4xx_HAL_Driver/Src/stm32f4xx_hal_spi.o
 .debug_aranges
                0x0000000000000700       0x18 Drivers/display/Fonts/font12.o
 .debug_aranges
                0x0000000000000718      0x188 Drivers/display/lcd.o

.debug_ranges   0x0000000000000000      0x790
 .debug_ranges  0x0000000000000000       0x10 Core/Src/gpio.o
 .debug_ranges  0x0000000000000010       0x20 Core/Src/main.o
 .debug_ranges  0x0000000000000030       0x20 Core/Src/spi.o
 .debug_ranges  0x0000000000000050       0x10 Core/Src/stm32f4xx_hal_msp.o
 .debug_ranges  0x0000000000000060       0x50 Core/Src/stm32f4xx_it.o
 .debug_ranges  0x00000000000000b0       0x10 Core/Src/sysmem.o
 .debug_ranges  0x00000000000000c0       0x18 Core/Src/system_stm32f4xx.o
 .debug_ranges  0x00000000000000d8       0x20 Core/Startup/startup_stm32f446retx.o
 .debug_ranges  0x00000000000000f8       0xe0 Drivers/STM32F4xx_HAL_Driver/Src/stm32f4xx_hal.o
 .debug_ranges  0x00000000000001d8      0x108 Drivers/STM32F4xx_HAL_Driver/Src/stm32f4xx_hal_cortex.o
 .debug_ranges  0x00000000000002e0       0x48 Drivers/STM32F4xx_HAL_Driver/Src/stm32f4xx_hal_gpio.o
 .debug_ranges  0x0000000000000328       0x50 Drivers/STM32F4xx_HAL_Driver/Src/stm32f4xx_hal_pwr_ex.o
 .debug_ranges  0x0000000000000378       0x78 Drivers/STM32F4xx_HAL_Driver/Src/stm32f4xx_hal_rcc.o
 .debug_ranges  0x00000000000003f0       0x68 Drivers/STM32F4xx_HAL_Driver/Src/stm32f4xx_hal_rcc_ex.o
 .debug_ranges  0x0000000000000458      0x1c0 Drivers/STM32F4xx_HAL_Driver/Src/stm32f4xx_hal_spi.o
 .debug_ranges  0x0000000000000618      0x178 Drivers/display/lcd.o

.debug_macro    0x0000000000000000    0x2204e
 .debug_macro   0x0000000000000000      0x1d3 Core/Src/gpio.o
 .debug_macro   0x00000000000001d3      0xa5a Core/Src/gpio.o
 .debug_macro   0x0000000000000c2d      0x184 Core/Src/gpio.o
 .debug_macro   0x0000000000000db1       0x32 Core/Src/gpio.o
 .debug_macro   0x0000000000000de3       0x28 Core/Src/gpio.o
 .debug_macro   0x0000000000000e0b       0x22 Core/Src/gpio.o
 .debug_macro   0x0000000000000e2d       0x8e Core/Src/gpio.o
 .debug_macro   0x0000000000000ebb       0x51 Core/Src/gpio.o
 .debug_macro   0x0000000000000f0c       0xef Core/Src/gpio.o
 .debug_macro   0x0000000000000ffb       0x6a Core/Src/gpio.o
 .debug_macro   0x0000000000001065      0x1df Core/Src/gpio.o
 .debug_macro   0x0000000000001244       0x1c Core/Src/gpio.o
 .debug_macro   0x0000000000001260       0x22 Core/Src/gpio.o
 .debug_macro   0x0000000000001282       0xdf Core/Src/gpio.o
 .debug_macro   0x0000000000001361     0x102d Core/Src/gpio.o
 .debug_macro   0x000000000000238e      0x11f Core/Src/gpio.o
 .debug_macro   0x00000000000024ad    0x16734 Core/Src/gpio.o
 .debug_macro   0x0000000000018be1       0x43 Core/Src/gpio.o
 .debug_macro   0x0000000000018c24     0x35d4 Core/Src/gpio.o
 .debug_macro   0x000000000001c1f8      0x174 Core/Src/gpio.o
 .debug_macro   0x000000000001c36c       0x5a Core/Src/gpio.o
 .debug_macro   0x000000000001c3c6      0xc90 Core/Src/gpio.o
 .debug_macro   0x000000000001d056      0x9fe Core/Src/gpio.o
 .debug_macro   0x000000000001da54       0xed Core/Src/gpio.o
 .debug_macro   0x000000000001db41      0x117 Core/Src/gpio.o
 .debug_macro   0x000000000001dc58      0x1a0 Core/Src/gpio.o
 .debug_macro   0x000000000001ddf8       0x27 Core/Src/gpio.o
 .debug_macro   0x000000000001de1f      0x287 Core/Src/gpio.o
 .debug_macro   0x000000000001e0a6       0x5f Core/Src/gpio.o
 .debug_macro   0x000000000001e105      0x236 Core/Src/gpio.o
 .debug_macro   0x000000000001e33b      0x132 Core/Src/gpio.o
 .debug_macro   0x000000000001e46d      0x29c Core/Src/gpio.o
 .debug_macro   0x000000000001e709       0x2e Core/Src/gpio.o
 .debug_macro   0x000000000001e737      0x11a Core/Src/gpio.o
 .debug_macro   0x000000000001e851       0xe8 Core/Src/gpio.o
 .debug_macro   0x000000000001e939       0x89 Core/Src/gpio.o
 .debug_macro   0x000000000001e9c2      0x225 Core/Src/gpio.o
 .debug_macro   0x000000000001ebe7      0x126 Core/Src/gpio.o
 .debug_macro   0x000000000001ed0d       0x58 Core/Src/gpio.o
 .debug_macro   0x000000000001ed65      0x392 Core/Src/main.o
 .debug_macro   0x000000000001f0f7       0x18 Core/Src/main.o
 .debug_macro   0x000000000001f10f       0x46 Core/Src/main.o
 .debug_macro   0x000000000001f155       0x3c Core/Src/main.o
 .debug_macro   0x000000000001f191       0x34 Core/Src/main.o
 .debug_macro   0x000000000001f1c5       0x16 Core/Src/main.o
 .debug_macro   0x000000000001f1db       0x35 Core/Src/main.o
 .debug_macro   0x000000000001f210       0x52 Core/Src/main.o
 .debug_macro   0x000000000001f262       0x1f Core/Src/main.o
 .debug_macro   0x000000000001f281       0x43 Core/Src/main.o
 .debug_macro   0x000000000001f2c4       0x20 Core/Src/main.o
 .debug_macro   0x000000000001f2e4      0x1a3 Core/Src/main.o
 .debug_macro   0x000000000001f487      0x32a Core/Src/main.o
 .debug_macro   0x000000000001f7b1       0x16 Core/Src/main.o
 .debug_macro   0x000000000001f7c7       0x29 Core/Src/main.o
 .debug_macro   0x000000000001f7f0       0x58 Core/Src/main.o
 .debug_macro   0x000000000001f848       0x1c Core/Src/main.o
 .debug_macro   0x000000000001f864       0x10 Core/Src/main.o
 .debug_macro   0x000000000001f874       0x1c Core/Src/main.o
 .debug_macro   0x000000000001f890       0x52 Core/Src/main.o
 .debug_macro   0x000000000001f8e2       0x40 Core/Src/main.o
 .debug_macro   0x000000000001f922       0x10 Core/Src/main.o
 .debug_macro   0x000000000001f932       0x40 Core/Src/main.o
 .debug_macro   0x000000000001f972       0xd7 Core/Src/main.o
 .debug_macro   0x000000000001fa49       0x1c Core/Src/main.o
 .debug_macro   0x000000000001fa65       0x3d Core/Src/main.o
 .debug_macro   0x000000000001faa2       0x16 Core/Src/main.o
 .debug_macro   0x000000000001fab8      0x145 Core/Src/main.o
 .debug_macro   0x000000000001fbfd      0x481 Core/Src/main.o
 .debug_macro   0x000000000002007e       0x10 Core/Src/main.o
 .debug_macro   0x000000000002008e      0x107 Core/Src/main.o
 .debug_macro   0x0000000000020195      0x1d3 Core/Src/spi.o
 .debug_macro   0x0000000000020368      0x1c9 Core/Src/stm32f4xx_hal_msp.o
 .debug_macro   0x0000000000020531      0x1d3 Core/Src/stm32f4xx_it.o
 .debug_macro   0x0000000000020704      0x1ae Core/Src/sysmem.o
 .debug_macro   0x00000000000208b2      0x23b Core/Src/sysmem.o
 .debug_macro   0x0000000000020aed       0x16 Core/Src/sysmem.o
 .debug_macro   0x0000000000020b03      0x1c0 Core/Src/system_stm32f4xx.o
 .debug_macro   0x0000000000020cc3      0x21a Drivers/STM32F4xx_HAL_Driver/Src/stm32f4xx_hal.o
 .debug_macro   0x0000000000020edd      0x1ba Drivers/STM32F4xx_HAL_Driver/Src/stm32f4xx_hal_cortex.o
 .debug_macro   0x0000000000021097      0x1f0 Drivers/STM32F4xx_HAL_Driver/Src/stm32f4xx_hal_gpio.o
 .debug_macro   0x0000000000021287      0x1d2 Drivers/STM32F4xx_HAL_Driver/Src/stm32f4xx_hal_pwr_ex.o
 .debug_macro   0x0000000000021459      0x1de Drivers/STM32F4xx_HAL_Driver/Src/stm32f4xx_hal_rcc.o
 .debug_macro   0x0000000000021637      0x1ba Drivers/STM32F4xx_HAL_Driver/Src/stm32f4xx_hal_rcc_ex.o
 .debug_macro   0x00000000000217f1      0x1c9 Drivers/STM32F4xx_HAL_Driver/Src/stm32f4xx_hal_spi.o
 .debug_macro   0x00000000000219ba       0x73 Drivers/display/Fonts/font12.o
 .debug_macro   0x0000000000021a2d      0x359 Drivers/display/lcd.o
 .debug_macro   0x0000000000021d86      0x10e Drivers/display/lcd.o
 .debug_macro   0x0000000000021e94       0x8d Drivers/display/lcd.o
 .debug_macro   0x0000000000021f21       0xd9 Drivers/display/lcd.o
 .debug_macro   0x0000000000021ffa       0x54 Drivers/display/lcd.o

.debug_line     0x0000000000000000     0x89dd
 .debug_line    0x0000000000000000      0x69e Core/Src/gpio.o
 .debug_line    0x000000000000069e      0x92f Core/Src/main.o
 .debug_line    0x0000000000000fcd      0x6c3 Core/Src/spi.o
 .debug_line    0x0000000000001690      0x68f Core/Src/stm32f4xx_hal_msp.o
 .debug_line    0x0000000000001d1f      0x733 Core/Src/stm32f4xx_it.o
 .debug_line    0x0000000000002452      0x55e Core/Src/sysmem.o
 .debug_line    0x00000000000029b0      0x6b0 Core/Src/system_stm32f4xx.o
 .debug_line    0x0000000000003060       0x86 Core/Startup/startup_stm32f446retx.o
 .debug_line    0x00000000000030e6      0x891 Drivers/STM32F4xx_HAL_Driver/Src/stm32f4xx_hal.o
 .debug_line    0x0000000000003977      0x9b8 Drivers/STM32F4xx_HAL_Driver/Src/stm32f4xx_hal_cortex.o
 .debug_line    0x000000000000432f      0x85f Drivers/STM32F4xx_HAL_Driver/Src/stm32f4xx_hal_gpio.o
 .debug_line    0x0000000000004b8e      0x786 Drivers/STM32F4xx_HAL_Driver/Src/stm32f4xx_hal_pwr_ex.o
 .debug_line    0x0000000000005314      0x8d8 Drivers/STM32F4xx_HAL_Driver/Src/stm32f4xx_hal_rcc.o
 .debug_line    0x0000000000005bec      0xa7e Drivers/STM32F4xx_HAL_Driver/Src/stm32f4xx_hal_rcc_ex.o
 .debug_line    0x000000000000666a     0x1045 Drivers/STM32F4xx_HAL_Driver/Src/stm32f4xx_hal_spi.o
 .debug_line    0x00000000000076af      0x38c Drivers/display/Fonts/font12.o
 .debug_line    0x0000000000007a3b      0xfa2 Drivers/display/lcd.o

.debug_str      0x0000000000000000    0xc897b
 .debug_str     0x0000000000000000    0xc0343 Core/Src/gpio.o
                                      0xc05eb (size before relaxing)
 .debug_str     0x00000000000c0343     0x5e5d Core/Src/main.o
                                      0xc64cd (size before relaxing)
 .debug_str     0x00000000000c61a0       0x4b Core/Src/spi.o
                                      0xc0a48 (size before relaxing)
 .debug_str     0x00000000000c61eb       0x2c Core/Src/stm32f4xx_hal_msp.o
                                      0xc0550 (size before relaxing)
 .debug_str     0x00000000000c6217       0xbd Core/Src/stm32f4xx_it.o
                                      0xc04b9 (size before relaxing)
 .debug_str     0x00000000000c62d4      0x4d1 Core/Src/sysmem.o
                                       0x7acd (size before relaxing)
 .debug_str     0x00000000000c67a5       0xc4 Core/Src/system_stm32f4xx.o
                                      0xc04b1 (size before relaxing)
 .debug_str     0x00000000000c6869       0x36 Core/Startup/startup_stm32f446retx.o
                                         0x4f (size before relaxing)
 .debug_str     0x00000000000c689f      0xaf1 Drivers/STM32F4xx_HAL_Driver/Src/stm32f4xx_hal.o
                                      0xc1033 (size before relaxing)
 .debug_str     0x00000000000c7390      0x399 Drivers/STM32F4xx_HAL_Driver/Src/stm32f4xx_hal_cortex.o
                                      0xc0d89 (size before relaxing)
 .debug_str     0x00000000000c7729      0x20c Drivers/STM32F4xx_HAL_Driver/Src/stm32f4xx_hal_gpio.o
                                      0xc06f0 (size before relaxing)
 .debug_str     0x00000000000c7935      0x135 Drivers/STM32F4xx_HAL_Driver/Src/stm32f4xx_hal_pwr_ex.o
                                      0xc0694 (size before relaxing)
 .debug_str     0x00000000000c7a6a      0x24e Drivers/STM32F4xx_HAL_Driver/Src/stm32f4xx_hal_rcc.o
                                      0xc0898 (size before relaxing)
 .debug_str     0x00000000000c7cb8      0x31c Drivers/STM32F4xx_HAL_Driver/Src/stm32f4xx_hal_rcc_ex.o
                                      0xc08f5 (size before relaxing)
 .debug_str     0x00000000000c7fd4      0x56a Drivers/STM32F4xx_HAL_Driver/Src/stm32f4xx_hal_spi.o
                                      0xc0cfa (size before relaxing)
 .debug_str     0x00000000000c853e       0x2f Drivers/display/Fonts/font12.o
                                       0x3c48 (size before relaxing)
 .debug_str     0x00000000000c856d      0x40e Drivers/display/lcd.o
                                      0xc61f1 (size before relaxing)

.comment        0x0000000000000000       0x7b
 .comment       0x0000000000000000       0x7b Core/Src/gpio.o
                                         0x7c (size before relaxing)
 .comment       0x000000000000007b       0x7c Core/Src/main.o
 .comment       0x000000000000007b       0x7c Core/Src/spi.o
 .comment       0x000000000000007b       0x7c Core/Src/stm32f4xx_hal_msp.o
 .comment       0x000000000000007b       0x7c Core/Src/stm32f4xx_it.o
 .comment       0x000000000000007b       0x7c Core/Src/sysmem.o
 .comment       0x000000000000007b       0x7c Core/Src/system_stm32f4xx.o
 .comment       0x000000000000007b       0x7c Drivers/STM32F4xx_HAL_Driver/Src/stm32f4xx_hal.o
 .comment       0x000000000000007b       0x7c Drivers/STM32F4xx_HAL_Driver/Src/stm32f4xx_hal_cortex.o
 .comment       0x000000000000007b       0x7c Drivers/STM32F4xx_HAL_Driver/Src/stm32f4xx_hal_gpio.o
 .comment       0x000000000000007b       0x7c Drivers/STM32F4xx_HAL_Driver/Src/stm32f4xx_hal_pwr_ex.o
 .comment       0x000000000000007b       0x7c Drivers/STM32F4xx_HAL_Driver/Src/stm32f4xx_hal_rcc.o
 .comment       0x000000000000007b       0x7c Drivers/STM32F4xx_HAL_Driver/Src/stm32f4xx_hal_rcc_ex.o
 .comment       0x000000000000007b       0x7c Drivers/STM32F4xx_HAL_Driver/Src/stm32f4xx_hal_spi.o
 .comment       0x000000000000007b       0x7c Drivers/display/Fonts/font12.o
 .comment       0x000000000000007b       0x7c Drivers/display/lcd.o

.debug_frame    0x0000000000000000     0x2448
 .debug_frame   0x0000000000000000       0x34 Core/Src/gpio.o
 .debug_frame   0x0000000000000034       0x74 Core/Src/main.o
 .debug_frame   0x00000000000000a8       0x74 Core/Src/spi.o
 .debug_frame   0x000000000000011c       0x38 Core/Src/stm32f4xx_hal_msp.o
 .debug_frame   0x0000000000000154      0x10c Core/Src/stm32f4xx_it.o
 .debug_frame   0x0000000000000260       0x34 Core/Src/sysmem.o
 .debug_frame   0x0000000000000294       0x58 Core/Src/system_stm32f4xx.o
 .debug_frame   0x00000000000002ec      0x374 Drivers/STM32F4xx_HAL_Driver/Src/stm32f4xx_hal.o
 .debug_frame   0x0000000000000660      0x498 Drivers/STM32F4xx_HAL_Driver/Src/stm32f4xx_hal_cortex.o
 .debug_frame   0x0000000000000af8      0x14c Drivers/STM32F4xx_HAL_Driver/Src/stm32f4xx_hal_gpio.o
 .debug_frame   0x0000000000000c44      0x14c Drivers/STM32F4xx_HAL_Driver/Src/stm32f4xx_hal_pwr_ex.o
 .debug_frame   0x0000000000000d90      0x1f0 Drivers/STM32F4xx_HAL_Driver/Src/stm32f4xx_hal_rcc.o
 .debug_frame   0x0000000000000f80      0x1e0 Drivers/STM32F4xx_HAL_Driver/Src/stm32f4xx_hal_rcc_ex.o
 .debug_frame   0x0000000000001160      0x824 Drivers/STM32F4xx_HAL_Driver/Src/stm32f4xx_hal_spi.o
 .debug_frame   0x0000000000001984      0x704 Drivers/display/lcd.o
 .debug_frame   0x0000000000002088       0x20 c:/st/stm32cubeide_1.1.0/stm32cubeide/plugins/com.st.stm32cube.ide.mcu.externaltools.gnu-tools-for-stm32.7-2018-q2-update.win32_1.0.0.201904181610/tools/bin/../lib/gcc/arm-none-eabi/7.3.1/../../../../arm-none-eabi/lib/thumb/v7e-m/fpv4-sp/hard\libc_nano.a(lib_a-errno.o)
 .debug_frame   0x00000000000020a8       0x2c c:/st/stm32cubeide_1.1.0/stm32cubeide/plugins/com.st.stm32cube.ide.mcu.externaltools.gnu-tools-for-stm32.7-2018-q2-update.win32_1.0.0.201904181610/tools/bin/../lib/gcc/arm-none-eabi/7.3.1/../../../../arm-none-eabi/lib/thumb/v7e-m/fpv4-sp/hard\libc_nano.a(lib_a-init.o)
 .debug_frame   0x00000000000020d4       0x20 c:/st/stm32cubeide_1.1.0/stm32cubeide/plugins/com.st.stm32cube.ide.mcu.externaltools.gnu-tools-for-stm32.7-2018-q2-update.win32_1.0.0.201904181610/tools/bin/../lib/gcc/arm-none-eabi/7.3.1/../../../../arm-none-eabi/lib/thumb/v7e-m/fpv4-sp/hard\libc_nano.a(lib_a-memset.o)
 .debug_frame   0x00000000000020f4       0x3c c:/st/stm32cubeide_1.1.0/stm32cubeide/plugins/com.st.stm32cube.ide.mcu.externaltools.gnu-tools-for-stm32.7-2018-q2-update.win32_1.0.0.201904181610/tools/bin/../lib/gcc/arm-none-eabi/7.3.1/../../../../arm-none-eabi/lib/thumb/v7e-m/fpv4-sp/hard\libc_nano.a(lib_a-vsprintf.o)
 .debug_frame   0x0000000000002130       0x90 c:/st/stm32cubeide_1.1.0/stm32cubeide/plugins/com.st.stm32cube.ide.mcu.externaltools.gnu-tools-for-stm32.7-2018-q2-update.win32_1.0.0.201904181610/tools/bin/../lib/gcc/arm-none-eabi/7.3.1/../../../../arm-none-eabi/lib/thumb/v7e-m/fpv4-sp/hard\libc_nano.a(lib_a-nano-svfprintf.o)
 .debug_frame   0x00000000000021c0       0x60 c:/st/stm32cubeide_1.1.0/stm32cubeide/plugins/com.st.stm32cube.ide.mcu.externaltools.gnu-tools-for-stm32.7-2018-q2-update.win32_1.0.0.201904181610/tools/bin/../lib/gcc/arm-none-eabi/7.3.1/../../../../arm-none-eabi/lib/thumb/v7e-m/fpv4-sp/hard\libc_nano.a(lib_a-nano-vfprintf_i.o)
 .debug_frame   0x0000000000002220       0x28 c:/st/stm32cubeide_1.1.0/stm32cubeide/plugins/com.st.stm32cube.ide.mcu.externaltools.gnu-tools-for-stm32.7-2018-q2-update.win32_1.0.0.201904181610/tools/bin/../lib/gcc/arm-none-eabi/7.3.1/../../../../arm-none-eabi/lib/thumb/v7e-m/fpv4-sp/hard\libc_nano.a(lib_a-memcpy-stub.o)
 .debug_frame   0x0000000000002248       0x28 c:/st/stm32cubeide_1.1.0/stm32cubeide/plugins/com.st.stm32cube.ide.mcu.externaltools.gnu-tools-for-stm32.7-2018-q2-update.win32_1.0.0.201904181610/tools/bin/../lib/gcc/arm-none-eabi/7.3.1/../../../../arm-none-eabi/lib/thumb/v7e-m/fpv4-sp/hard\libc_nano.a(lib_a-memmove.o)
 .debug_frame   0x0000000000002270       0x38 c:/st/stm32cubeide_1.1.0/stm32cubeide/plugins/com.st.stm32cube.ide.mcu.externaltools.gnu-tools-for-stm32.7-2018-q2-update.win32_1.0.0.201904181610/tools/bin/../lib/gcc/arm-none-eabi/7.3.1/../../../../arm-none-eabi/lib/thumb/v7e-m/fpv4-sp/hard\libc_nano.a(lib_a-nano-freer.o)
 .debug_frame   0x00000000000022a8       0x2c c:/st/stm32cubeide_1.1.0/stm32cubeide/plugins/com.st.stm32cube.ide.mcu.externaltools.gnu-tools-for-stm32.7-2018-q2-update.win32_1.0.0.201904181610/tools/bin/../lib/gcc/arm-none-eabi/7.3.1/../../../../arm-none-eabi/lib/thumb/v7e-m/fpv4-sp/hard\libc_nano.a(lib_a-nano-mallocr.o)
 .debug_frame   0x00000000000022d4       0x3c c:/st/stm32cubeide_1.1.0/stm32cubeide/plugins/com.st.stm32cube.ide.mcu.externaltools.gnu-tools-for-stm32.7-2018-q2-update.win32_1.0.0.201904181610/tools/bin/../lib/gcc/arm-none-eabi/7.3.1/../../../../arm-none-eabi/lib/thumb/v7e-m/fpv4-sp/hard\libc_nano.a(lib_a-nano-reallocr.o)
 .debug_frame   0x0000000000002310       0x2c c:/st/stm32cubeide_1.1.0/stm32cubeide/plugins/com.st.stm32cube.ide.mcu.externaltools.gnu-tools-for-stm32.7-2018-q2-update.win32_1.0.0.201904181610/tools/bin/../lib/gcc/arm-none-eabi/7.3.1/../../../../arm-none-eabi/lib/thumb/v7e-m/fpv4-sp/hard\libc_nano.a(lib_a-sbrkr.o)
 .debug_frame   0x000000000000233c       0x30 c:/st/stm32cubeide_1.1.0/stm32cubeide/plugins/com.st.stm32cube.ide.mcu.externaltools.gnu-tools-for-stm32.7-2018-q2-update.win32_1.0.0.201904181610/tools/bin/../lib/gcc/arm-none-eabi/7.3.1/../../../../arm-none-eabi/lib/thumb/v7e-m/fpv4-sp/hard\libc_nano.a(lib_a-mlock.o)
 .debug_frame   0x000000000000236c       0x20 c:/st/stm32cubeide_1.1.0/stm32cubeide/plugins/com.st.stm32cube.ide.mcu.externaltools.gnu-tools-for-stm32.7-2018-q2-update.win32_1.0.0.201904181610/tools/bin/../lib/gcc/arm-none-eabi/7.3.1/../../../../arm-none-eabi/lib/thumb/v7e-m/fpv4-sp/hard\libc_nano.a(lib_a-nano-msizer.o)
 .debug_frame   0x000000000000238c       0x5c c:/st/stm32cubeide_1.1.0/stm32cubeide/plugins/com.st.stm32cube.ide.mcu.externaltools.gnu-tools-for-stm32.7-2018-q2-update.win32_1.0.0.201904181610/tools/bin/../lib/gcc/arm-none-eabi/7.3.1/../../../../arm-none-eabi/lib/thumb/v7e-m/fpv4-sp/hard\libc_nano.a(lib_a-reent.o)
 .debug_frame   0x00000000000023e8       0x2c c:/st/stm32cubeide_1.1.0/stm32cubeide/plugins/com.st.stm32cube.ide.mcu.externaltools.gnu-tools-for-stm32.7-2018-q2-update.win32_1.0.0.201904181610/tools/bin/../lib/gcc/arm-none-eabi/7.3.1/thumb/v7e-m/fpv4-sp/hard\libgcc.a(_aeabi_uldivmod.o)
 .debug_frame   0x0000000000002414       0x34 c:/st/stm32cubeide_1.1.0/stm32cubeide/plugins/com.st.stm32cube.ide.mcu.externaltools.gnu-tools-for-stm32.7-2018-q2-update.win32_1.0.0.201904181610/tools/bin/../lib/gcc/arm-none-eabi/7.3.1/thumb/v7e-m/fpv4-sp/hard\libgcc.a(_udivmoddi4.o)
